Archive member included to satisfy reference by file (symbol)

E:/semester 5/embeded/STM32CubeIDE_1.16.0/STM32CubeIDE/plugins/com.st.stm32cube.ide.mcu.externaltools.gnu-tools-for-stm32.12.3.rel1.win32_1.0.200.202406191623/tools/bin/../lib/gcc/arm-none-eabi/12.3.1/../../../../arm-none-eabi/lib/thumb/v7-m/nofp\libc_nano.a(libc_a-exit.o)
                              E:/semester 5/embeded/STM32CubeIDE_1.16.0/STM32CubeIDE/plugins/com.st.stm32cube.ide.mcu.externaltools.gnu-tools-for-stm32.12.3.rel1.win32_1.0.200.202406191623/tools/bin/../lib/gcc/arm-none-eabi/12.3.1/../../../../arm-none-eabi/lib/thumb/v7-m/nofp/crt0.o (exit)
E:/semester 5/embeded/STM32CubeIDE_1.16.0/STM32CubeIDE/plugins/com.st.stm32cube.ide.mcu.externaltools.gnu-tools-for-stm32.12.3.rel1.win32_1.0.200.202406191623/tools/bin/../lib/gcc/arm-none-eabi/12.3.1/../../../../arm-none-eabi/lib/thumb/v7-m/nofp\libc_nano.a(libc_a-findfp.o)
                              E:/semester 5/embeded/STM32CubeIDE_1.16.0/STM32CubeIDE/plugins/com.st.stm32cube.ide.mcu.externaltools.gnu-tools-for-stm32.12.3.rel1.win32_1.0.200.202406191623/tools/bin/../lib/gcc/arm-none-eabi/12.3.1/../../../../arm-none-eabi/lib/thumb/v7-m/nofp\libc_nano.a(libc_a-exit.o) (__stdio_exit_handler)
E:/semester 5/embeded/STM32CubeIDE_1.16.0/STM32CubeIDE/plugins/com.st.stm32cube.ide.mcu.externaltools.gnu-tools-for-stm32.12.3.rel1.win32_1.0.200.202406191623/tools/bin/../lib/gcc/arm-none-eabi/12.3.1/../../../../arm-none-eabi/lib/thumb/v7-m/nofp\libc_nano.a(libc_a-fwalk.o)
                              E:/semester 5/embeded/STM32CubeIDE_1.16.0/STM32CubeIDE/plugins/com.st.stm32cube.ide.mcu.externaltools.gnu-tools-for-stm32.12.3.rel1.win32_1.0.200.202406191623/tools/bin/../lib/gcc/arm-none-eabi/12.3.1/../../../../arm-none-eabi/lib/thumb/v7-m/nofp\libc_nano.a(libc_a-findfp.o) (_fwalk_sglue)
E:/semester 5/embeded/STM32CubeIDE_1.16.0/STM32CubeIDE/plugins/com.st.stm32cube.ide.mcu.externaltools.gnu-tools-for-stm32.12.3.rel1.win32_1.0.200.202406191623/tools/bin/../lib/gcc/arm-none-eabi/12.3.1/../../../../arm-none-eabi/lib/thumb/v7-m/nofp\libc_nano.a(libc_a-stdio.o)
                              E:/semester 5/embeded/STM32CubeIDE_1.16.0/STM32CubeIDE/plugins/com.st.stm32cube.ide.mcu.externaltools.gnu-tools-for-stm32.12.3.rel1.win32_1.0.200.202406191623/tools/bin/../lib/gcc/arm-none-eabi/12.3.1/../../../../arm-none-eabi/lib/thumb/v7-m/nofp\libc_nano.a(libc_a-findfp.o) (__sread)
E:/semester 5/embeded/STM32CubeIDE_1.16.0/STM32CubeIDE/plugins/com.st.stm32cube.ide.mcu.externaltools.gnu-tools-for-stm32.12.3.rel1.win32_1.0.200.202406191623/tools/bin/../lib/gcc/arm-none-eabi/12.3.1/../../../../arm-none-eabi/lib/thumb/v7-m/nofp\libc_nano.a(libc_a-memset.o)
                              E:/semester 5/embeded/STM32CubeIDE_1.16.0/STM32CubeIDE/plugins/com.st.stm32cube.ide.mcu.externaltools.gnu-tools-for-stm32.12.3.rel1.win32_1.0.200.202406191623/tools/bin/../lib/gcc/arm-none-eabi/12.3.1/../../../../arm-none-eabi/lib/thumb/v7-m/nofp/crt0.o (memset)
E:/semester 5/embeded/STM32CubeIDE_1.16.0/STM32CubeIDE/plugins/com.st.stm32cube.ide.mcu.externaltools.gnu-tools-for-stm32.12.3.rel1.win32_1.0.200.202406191623/tools/bin/../lib/gcc/arm-none-eabi/12.3.1/../../../../arm-none-eabi/lib/thumb/v7-m/nofp\libc_nano.a(libc_a-closer.o)
                              E:/semester 5/embeded/STM32CubeIDE_1.16.0/STM32CubeIDE/plugins/com.st.stm32cube.ide.mcu.externaltools.gnu-tools-for-stm32.12.3.rel1.win32_1.0.200.202406191623/tools/bin/../lib/gcc/arm-none-eabi/12.3.1/../../../../arm-none-eabi/lib/thumb/v7-m/nofp\libc_nano.a(libc_a-stdio.o) (_close_r)
E:/semester 5/embeded/STM32CubeIDE_1.16.0/STM32CubeIDE/plugins/com.st.stm32cube.ide.mcu.externaltools.gnu-tools-for-stm32.12.3.rel1.win32_1.0.200.202406191623/tools/bin/../lib/gcc/arm-none-eabi/12.3.1/../../../../arm-none-eabi/lib/thumb/v7-m/nofp\libc_nano.a(libc_a-reent.o)
                              E:/semester 5/embeded/STM32CubeIDE_1.16.0/STM32CubeIDE/plugins/com.st.stm32cube.ide.mcu.externaltools.gnu-tools-for-stm32.12.3.rel1.win32_1.0.200.202406191623/tools/bin/../lib/gcc/arm-none-eabi/12.3.1/../../../../arm-none-eabi/lib/thumb/v7-m/nofp\libc_nano.a(libc_a-closer.o) (errno)
E:/semester 5/embeded/STM32CubeIDE_1.16.0/STM32CubeIDE/plugins/com.st.stm32cube.ide.mcu.externaltools.gnu-tools-for-stm32.12.3.rel1.win32_1.0.200.202406191623/tools/bin/../lib/gcc/arm-none-eabi/12.3.1/../../../../arm-none-eabi/lib/thumb/v7-m/nofp\libc_nano.a(libc_a-impure.o)
                              E:/semester 5/embeded/STM32CubeIDE_1.16.0/STM32CubeIDE/plugins/com.st.stm32cube.ide.mcu.externaltools.gnu-tools-for-stm32.12.3.rel1.win32_1.0.200.202406191623/tools/bin/../lib/gcc/arm-none-eabi/12.3.1/../../../../arm-none-eabi/lib/thumb/v7-m/nofp\libc_nano.a(libc_a-reent.o) (_impure_ptr)
[...]
Memory Configuration

Name             Origin             Length             Attributes
RAM              0x20000000         0x00005000         xrw
FLASH            0x08000000         0x00010000         xr
*default*        0x00000000         0xffffffff

Linker script and memory map

LOAD E:/semester 5/embeded/STM32CubeIDE_1.16.0/STM32CubeIDE/plugins/com.st.stm32cube.ide.mcu.externaltools.gnu-tools-for-stm32.12.3.rel1.win32_1.0.200.202406191623/tools/bin/../lib/gcc/arm-none-eabi/12.3.1/thumb/v7-m/nofp/crti.o
LOAD E:/semester 5/embeded/STM32CubeIDE_1.16.0/STM32CubeIDE/plugins/com.st.stm32cube.ide.mcu.externaltools.gnu-tools-for-stm32.12.3.rel1.win32_1.0.200.202406191623/tools/bin/../lib/gcc/arm-none-eabi/12.3.1/thumb/v7-m/nofp/crtbegin.o
LOAD E:/semester 5/embeded/STM32CubeIDE_1.16.0/STM32CubeIDE/plugins/com.st.stm32cube.ide.mcu.externaltools.gnu-tools-for-stm32.12.3.rel1.win32_1.0.200.202406191623/tools/bin/../lib/gcc/arm-none-eabi/12.3.1/../../../../arm-none-eabi/lib/thumb/v7-m/nofp/crt0.o
LOAD ./Core/Src/freertos.o
LOAD ./Core/Src/main.o
LOAD ./Core/Src/stm32f1xx_hal_msp.o
LOAD ./Core/Src/stm32f1xx_it.o
LOAD ./Core/Src/syscalls.o
LOAD ./Core/Src/sysmem.o
LOAD ./Core/Src/system_stm32f1xx.o
LOAD ./Core/Startup/startup_stm32f103c8tx.o
LOAD ./Drivers/STM32F1xx_HAL_Driver/Src/stm32f1xx_hal.o
LOAD ./Drivers/STM32F1xx_HAL_Driver/Src/stm32f1xx_hal_cortex.o
LOAD ./Drivers/STM32F1xx_HAL_Driver/Src/stm32f1xx_hal_dma.o
LOAD ./Drivers/STM32F1xx_HAL_Driver/Src/stm32f1xx_hal_exti.o
LOAD ./Drivers/STM32F1xx_HAL_Driver/Src/stm32f1xx_hal_flash.o
LOAD ./Drivers/STM32F1xx_HAL_Driver/Src/stm32f1xx_hal_flash_ex.o
LOAD ./Drivers/STM32F1xx_HAL_Driver/Src/stm32f1xx_hal_gpio.o
LOAD ./Drivers/STM32F1xx_HAL_Driver/Src/stm32f1xx_hal_gpio_ex.o
LOAD ./Drivers/STM32F1xx_HAL_Driver/Src/stm32f1xx_hal_pwr.o
LOAD ./Drivers/STM32F1xx_HAL_Driver/Src/stm32f1xx_hal_rcc.o
LOAD ./Drivers/STM32F1xx_HAL_Driver/Src/stm32f1xx_hal_rcc_ex.o
LOAD ./Drivers/STM32F1xx_HAL_Driver/Src/stm32f1xx_hal_tim.o
LOAD ./Drivers/STM32F1xx_HAL_Driver/Src/stm32f1xx_hal_tim_ex.o
LOAD ./Drivers/STM32F1xx_HAL_Driver/Src/stm32f1xx_hal_uart.o
LOAD ./Middlewares/Third_Party/FreeRTOS/Source/CMSIS_RTOS/cmsis_os.o
LOAD ./Middlewares/Third_Party/FreeRTOS/Source/croutine.o
LOAD ./Middlewares/Third_Party/FreeRTOS/Source/event_groups.o
LOAD ./Middlewares/Third_Party/FreeRTOS/Source/list.o
LOAD ./Middlewares/Third_Party/FreeRTOS/Source/queue.o
LOAD ./Middlewares/Third_Party/FreeRTOS/Source/stream_buffer.o
LOAD ./Middlewares/Third_Party/FreeRTOS/Source/tasks.o
LOAD ./Middlewares/Third_Party/FreeRTOS/Source/timers.o
LOAD ./Middlewares/Third_Party/FreeRTOS/Source/portable/GCC/ARM_CM3/port.o
LOAD ./Middlewares/Third_Party/FreeRTOS/Source/portable/MemMang/heap_4.o
START GROUP
LOAD E:/semester 5/embeded/STM32CubeIDE_1.16.0/STM32CubeIDE/plugins/com.st.stm32cube.ide.mcu.externaltools.gnu-tools-for-stm32.12.3.rel1.win32_1.0.200.202406191623/tools/bin/../lib/gcc/arm-none-eabi/12.3.1/../../../../arm-none-eabi/lib/thumb/v7-m/nofp\libc_nano.a
LOAD E:/semester 5/embeded/STM32CubeIDE_1.16.0/STM32CubeIDE/plugins/com.st.stm32cube.ide.mcu.externaltools.gnu-tools-for-stm32.12.3.rel1.win32_1.0.200.202406191623/tools/bin/../lib/gcc/arm-none-eabi/12.3.1/../../../../arm-none-eabi/lib/thumb/v7-m/nofp\libm.a
END GROUP
START GROUP
LOAD E:/semester 5/embeded/STM32CubeIDE_1.16.0/STM32CubeIDE/plugins/com.st.stm32cube.ide.mcu.externaltools.gnu-tools-for-stm32.12.3.rel1.win32_1.0.200.202406191623/tools/bin/../lib/gcc/arm-none-eabi/12.3.1/thumb/v7-m/nofp\libgcc.a
LOAD E:/semester 5/embeded/STM32CubeIDE_1.16.0/STM32CubeIDE/plugins/com.st.stm32cube.ide.mcu.externaltools.gnu-tools-for-stm32.12.3.rel1.win32_1.0.200.202406191623/tools/bin/../lib/gcc/arm-none-eabi/12.3.1/../../../../arm-none-eabi/lib/thumb/v7-m/nofp\libc_nano.a
END GROUP
START GROUP
LOAD E:/semester 5/embeded/STM32CubeIDE_1.16.0/STM32CubeIDE/plugins/com.st.stm32cube.ide.mcu.externaltools.gnu-tools-for-stm32.12.3.rel1.win32_1.0.200.202406191623/tools/bin/../lib/gcc/arm-none-eabi/12.3.1/thumb/v7-m/nofp\libgcc.a
LOAD E:/semester 5/embeded/STM32CubeIDE_1.16.0/STM32CubeIDE/plugins/com.st.stm32cube.ide.mcu.externaltools.gnu-tools-for-stm32.12.3.rel1.win32_1.0.200.202406191623/tools/bin/../lib/gcc/arm-none-eabi/12.3.1/../../../../arm-none-eabi/lib/thumb/v7-m/nofp\libc_nano.a
LOAD E:/semester 5/embeded/STM32CubeIDE_1.16.0/STM32CubeIDE/plugins/com.st.stm32cube.ide.mcu.externaltools.gnu-tools-for-stm32.12.3.rel1.win32_1.0.200.202406191623/tools/bin/../lib/gcc/arm-none-eabi/12.3.1/../../../../arm-none-eabi/lib/thumb/v7-m/nofp\libnosys.a
END GROUP
START GROUP
LOAD E:/semester 5/embeded/STM32CubeIDE_1.16.0/STM32CubeIDE/plugins/com.st.stm32cube.ide.mcu.externaltools.gnu-tools-for-stm32.12.3.rel1.win32_1.0.200.202406191623/tools/bin/../lib/gcc/arm-none-eabi/12.3.1/thumb/v7-m/nofp\libgcc.a
LOAD E:/semester 5/embeded/STM32CubeIDE_1.16.0/STM32CubeIDE/plugins/com.st.stm32cube.ide.mcu.externaltools.gnu-tools-for-stm32.12.3.rel1.win32_1.0.200.202406191623/tools/bin/../lib/gcc/arm-none-eabi/12.3.1/../../../../arm-none-eabi/lib/thumb/v7-m/nofp\libc_nano.a
LOAD E:/semester 5/embeded/STM32CubeIDE_1.16.0/STM32CubeIDE/plugins/com.st.stm32cube.ide.mcu.externaltools.gnu-tools-for-stm32.12.3.rel1.win32_1.0.200.202406191623/tools/bin/../lib/gcc/arm-none-eabi/12.3.1/../../../../arm-none-eabi/lib/thumb/v7-m/nofp\libnosys.a
END GROUP
LOAD E:/semester 5/embeded/STM32CubeIDE_1.16.0/STM32CubeIDE/plugins/com.st.stm32cube.ide.mcu.externaltools.gnu-tools-for-stm32.12.3.rel1.win32_1.0.200.202406191623/tools/bin/../lib/gcc/arm-none-eabi/12.3.1/thumb/v7-m/nofp/crtend.o
LOAD E:/semester 5/embeded/STM32CubeIDE_1.16.0/STM32CubeIDE/plugins/com.st.stm32cube.ide.mcu.externaltools.gnu-tools-for-stm32.12.3.rel1.win32_1.0.200.202406191623/tools/bin/../lib/gcc/arm-none-eabi/12.3.1/thumb/v7-m/nofp/crtn.o
                0x20005000                        _estack = (ORIGIN (RAM) + LENGTH (RAM))
                0x00000200                        _Min_Heap_Size = 0x200
                0x00000400                        _Min_Stack_Size = 0x400

.isr_vector     0x08000000      0x10c
                0x08000000                        . = ALIGN (0x4)
 *(.isr_vector)
 .isr_vector    0x08000000      0x10c ./Core/Startup/startup_stm32f103c8tx.o
                0x08000000                g_pfnVectors
                0x0800010c                        . = ALIGN (0x4)

.text           0x08000110     0x3c84
                0x08000110                        . = ALIGN (0x4)
 *(.text)
 .text          0x08000110       0x40 E:/semester 5/embeded/STM32CubeIDE_1.16.0/STM32CubeIDE/plugins/com.st.stm32cube.ide.mcu.externaltools.gnu-tools-for-stm32.12.3.rel1.win32_1.0.200.202406191623/tools/bin/../lib/gcc/arm-none-eabi/12.3.1/thumb/v7-m/nofp/crtbegin.o
 *(.text*)
 .text.vApplicationGetIdleTaskMemory
                0x08000150       0x30 ./Core/Src/freertos.o
                0x08000150                vApplicationGetIdleTaskMemory
 .text.main     0x08000180       0xf0 ./Core/Src/main.o
                0x08000180                main
 .text.SystemClock_Config
                0x08000270       0x76 ./Core/Src/main.o
                0x08000270                SystemClock_Config
 *fill*         0x080002e6        0x2 
 .text.MX_USART1_UART_Init
                0x080002e8       0x54 ./Core/Src/main.o
 .text.MX_GPIO_Init
                0x0800033c       0x64 ./Core/Src/main.o
 .text.StartDefaultTask
                0x080003a0       0x10 ./Core/Src/main.o
                0x080003a0                StartDefaultTask
 .text.green_led
                0x080003b0       0x50 ./Core/Src/main.o
                0x080003b0                green_led
 .text.red_led  0x08000400       0x50 ./Core/Src/main.o
                0x08000400                red_led
 .text.yellow_led
                0x08000450       0x20 ./Core/Src/main.o
                0x08000450                yellow_led
 .text.accessSharedData
                0x08000470       0x44 ./Core/Src/main.o
                0x08000470                accessSharedData
 .text.Error_Handler
                0x080004b4        0xc ./Core/Src/main.o
                0x080004b4                Error_Handler
 .text.HAL_MspInit
                0x080004c0       0x70 ./Core/Src/stm32f1xx_hal_msp.o
                0x080004c0                HAL_MspInit
 .text.HAL_UART_MspInit
                0x08000530       0x98 ./Core/Src/stm32f1xx_hal_msp.o
                0x08000530                HAL_UART_MspInit
 .text.NMI_Handler
                0x080005c8        0x8 ./Core/Src/stm32f1xx_it.o
                0x080005c8                NMI_Handler
 .text.HardFault_Handler
                0x080005d0        0x8 ./Core/Src/stm32f1xx_it.o
                0x080005d0                HardFault_Handler
 .text.MemManage_Handler
                0x080005d8        0x8 ./Core/Src/stm32f1xx_it.o
                0x080005d8                MemManage_Handler
 .text.BusFault_Handler
                0x080005e0        0x8 ./Core/Src/stm32f1xx_it.o
                0x080005e0                BusFault_Handler
 .text.UsageFault_Handler
                0x080005e8        0x8 ./Core/Src/stm32f1xx_it.o
                0x080005e8                UsageFault_Handler
 .text.DebugMon_Handler
                0x080005f0        0xc ./Core/Src/stm32f1xx_it.o
                0x080005f0                DebugMon_Handler
 .text.SysTick_Handler
                0x080005fc       0x1a ./Core/Src/stm32f1xx_it.o
                0x080005fc                SysTick_Handler
 .text.SystemInit
                0x08000616        0xc ./Core/Src/system_stm32f1xx.o
                0x08000616                SystemInit
 *fill*         0x08000622        0x2 
 .text.Reset_Handler
                0x08000624       0x48 ./Core/Startup/startup_stm32f103c8tx.o
                0x08000624                Reset_Handler
 .text.Default_Handler
                0x0800066c        0x2 ./Core/Startup/startup_stm32f103c8tx.o
                0x0800066c                RTC_Alarm_IRQHandler
                0x0800066c                EXTI2_IRQHandler
                0x0800066c                TIM1_CC_IRQHandler
                0x0800066c                PVD_IRQHandler
                0x0800066c                EXTI3_IRQHandler
                0x0800066c                EXTI0_IRQHandler
                0x0800066c                I2C2_EV_IRQHandler
                0x0800066c                ADC1_2_IRQHandler
                0x0800066c                SPI1_IRQHandler
                0x0800066c                TAMPER_IRQHandler
                0x0800066c                DMA1_Channel4_IRQHandler
                0x0800066c                USART3_IRQHandler
                0x0800066c                RTC_IRQHandler
                0x0800066c                DMA1_Channel7_IRQHandler
                0x0800066c                CAN1_RX1_IRQHandler
                0x0800066c                TIM4_IRQHandler
                0x0800066c                I2C1_EV_IRQHandler
                0x0800066c                DMA1_Channel6_IRQHandler
                0x0800066c                TIM3_IRQHandler
                0x0800066c                RCC_IRQHandler
                0x0800066c                TIM1_TRG_COM_IRQHandler
                0x0800066c                DMA1_Channel1_IRQHandler
                0x0800066c                Default_Handler
                0x0800066c                EXTI15_10_IRQHandler
                0x0800066c                EXTI9_5_IRQHandler
                0x0800066c                SPI2_IRQHandler
                0x0800066c                DMA1_Channel5_IRQHandler
                0x0800066c                EXTI4_IRQHandler
                0x0800066c                USB_LP_CAN1_RX0_IRQHandler
                0x0800066c                USB_HP_CAN1_TX_IRQHandler
                0x0800066c                DMA1_Channel3_IRQHandler
                0x0800066c                TIM1_UP_IRQHandler
                0x0800066c                WWDG_IRQHandler
                0x0800066c                TIM2_IRQHandler
                0x0800066c                TIM1_BRK_IRQHandler
                0x0800066c                EXTI1_IRQHandler
                0x0800066c                USART2_IRQHandler
                0x0800066c                I2C2_ER_IRQHandler
                0x0800066c                DMA1_Channel2_IRQHandler
                0x0800066c                CAN1_SCE_IRQHandler
                0x0800066c                FLASH_IRQHandler
                0x0800066c                USART1_IRQHandler
                0x0800066c                I2C1_ER_IRQHandler
                0x0800066c                USBWakeUp_IRQHandler
 *fill*         0x0800066e        0x2 
 .text.HAL_Init
                0x08000670       0x2c ./Drivers/STM32F1xx_HAL_Driver/Src/stm32f1xx_hal.o
                0x08000670                HAL_Init
 .text.HAL_InitTick
                0x0800069c       0x60 ./Drivers/STM32F1xx_HAL_Driver/Src/stm32f1xx_hal.o
                0x0800069c                HAL_InitTick
 .text.HAL_IncTick
                0x080006fc       0x24 ./Drivers/STM32F1xx_HAL_Driver/Src/stm32f1xx_hal.o
                0x080006fc                HAL_IncTick
 .text.HAL_GetTick
                0x08000720       0x14 ./Drivers/STM32F1xx_HAL_Driver/Src/stm32f1xx_hal.o
                0x08000720                HAL_GetTick
 .text.__NVIC_SetPriorityGrouping
                0x08000734       0x48 ./Drivers/STM32F1xx_HAL_Driver/Src/stm32f1xx_hal_cortex.o
 .text.__NVIC_GetPriorityGrouping
                0x0800077c       0x1c ./Drivers/STM32F1xx_HAL_Driver/Src/stm32f1xx_hal_cortex.o
 .text.__NVIC_SetPriority
                0x08000798       0x54 ./Drivers/STM32F1xx_HAL_Driver/Src/stm32f1xx_hal_cortex.o
 .text.NVIC_EncodePriority
                0x080007ec       0x64 ./Drivers/STM32F1xx_HAL_Driver/Src/stm32f1xx_hal_cortex.o
 .text.SysTick_Config
                0x08000850       0x44 ./Drivers/STM32F1xx_HAL_Driver/Src/stm32f1xx_hal_cortex.o
 .text.HAL_NVIC_SetPriorityGrouping
                0x08000894       0x16 ./Drivers/STM32F1xx_HAL_Driver/Src/stm32f1xx_hal_cortex.o
                0x08000894                HAL_NVIC_SetPriorityGrouping
 .text.HAL_NVIC_SetPriority
                0x080008aa       0x38 ./Drivers/STM32F1xx_HAL_Driver/Src/stm32f1xx_hal_cortex.o
                0x080008aa                HAL_NVIC_SetPriority
 .text.HAL_SYSTICK_Config
                0x080008e2       0x18 ./Drivers/STM32F1xx_HAL_Driver/Src/stm32f1xx_hal_cortex.o
                0x080008e2                HAL_SYSTICK_Config
 *fill*         0x080008fa        0x2 
 .text.HAL_GPIO_Init
                0x080008fc      0x308 ./Drivers/STM32F1xx_HAL_Driver/Src/stm32f1xx_hal_gpio.o
                0x080008fc                HAL_GPIO_Init
 .text.HAL_GPIO_WritePin
                0x08000c04       0x30 ./Drivers/STM32F1xx_HAL_Driver/Src/stm32f1xx_hal_gpio.o
                0x08000c04                HAL_GPIO_WritePin
 .text.HAL_GPIO_TogglePin
                0x08000c34       0x32 ./Drivers/STM32F1xx_HAL_Driver/Src/stm32f1xx_hal_gpio.o
                0x08000c34                HAL_GPIO_TogglePin
 *fill*         0x08000c66        0x2 
 .text.HAL_RCC_OscConfig
                0x08000c68      0x504 ./Drivers/STM32F1xx_HAL_Driver/Src/stm32f1xx_hal_rcc.o
                0x08000c68                HAL_RCC_OscConfig
 .text.HAL_RCC_ClockConfig
                0x0800116c      0x1d4 ./Drivers/STM32F1xx_HAL_Driver/Src/stm32f1xx_hal_rcc.o
                0x0800116c                HAL_RCC_ClockConfig
 .text.HAL_RCC_GetSysClockFreq
                0x08001340       0xa8 ./Drivers/STM32F1xx_HAL_Driver/Src/stm32f1xx_hal_rcc.o
                0x08001340                HAL_RCC_GetSysClockFreq
 .text.HAL_RCC_GetHCLKFreq
                0x080013e8       0x14 ./Drivers/STM32F1xx_HAL_Driver/Src/stm32f1xx_hal_rcc.o
                0x080013e8                HAL_RCC_GetHCLKFreq
 .text.HAL_RCC_GetPCLK1Freq
                0x080013fc       0x28 ./Drivers/STM32F1xx_HAL_Driver/Src/stm32f1xx_hal_rcc.o
                0x080013fc                HAL_RCC_GetPCLK1Freq
 .text.HAL_RCC_GetPCLK2Freq
                0x08001424       0x28 ./Drivers/STM32F1xx_HAL_Driver/Src/stm32f1xx_hal_rcc.o
                0x08001424                HAL_RCC_GetPCLK2Freq
 .text.RCC_Delay
                0x0800144c       0x3c ./Drivers/STM32F1xx_HAL_Driver/Src/stm32f1xx_hal_rcc.o
 .text.HAL_UART_Init
                0x08001488       0xa0 ./Drivers/STM32F1xx_HAL_Driver/Src/stm32f1xx_hal_uart.o
                0x08001488                HAL_UART_Init
 .text.UART_SetConfig
                0x08001528      0x11c ./Drivers/STM32F1xx_HAL_Driver/Src/stm32f1xx_hal_uart.o
 .text.makeFreeRtosPriority
                0x08001644       0x2e ./Middlewares/Third_Party/FreeRTOS/Source/CMSIS_RTOS/cmsis_os.o
 .text.inHandlerMode
                0x08001672       0x22 ./Middlewares/Third_Party/FreeRTOS/Source/CMSIS_RTOS/cmsis_os.o
 .text.osKernelStart
                0x08001694        0xe ./Middlewares/Third_Party/FreeRTOS/Source/CMSIS_RTOS/cmsis_os.o
                0x08001694                osKernelStart
 .text.osThreadCreate
                0x080016a2       0x98 ./Middlewares/Third_Party/FreeRTOS/Source/CMSIS_RTOS/cmsis_os.o
                0x080016a2                osThreadCreate
 .text.osDelay  0x0800173a       0x28 ./Middlewares/Third_Party/FreeRTOS/Source/CMSIS_RTOS/cmsis_os.o
                0x0800173a                osDelay
 .text.osSemaphoreCreate
                0x08001762       0x64 ./Middlewares/Third_Party/FreeRTOS/Source/CMSIS_RTOS/cmsis_os.o
                0x08001762                osSemaphoreCreate
 *fill*         0x080017c6        0x2 
 .text.osSemaphoreWait
                0x080017c8       0x9c ./Middlewares/Third_Party/FreeRTOS/Source/CMSIS_RTOS/cmsis_os.o
                0x080017c8                osSemaphoreWait
 .text.osSemaphoreRelease
                0x08001864       0x6c ./Middlewares/Third_Party/FreeRTOS/Source/CMSIS_RTOS/cmsis_os.o
                0x08001864                osSemaphoreRelease
 .text.vListInitialise
                0x080018d0       0x3e ./Middlewares/Third_Party/FreeRTOS/Source/list.o
                0x080018d0                vListInitialise
 .text.vListInitialiseItem
                0x0800190e       0x18 ./Middlewares/Third_Party/FreeRTOS/Source/list.o
                0x0800190e                vListInitialiseItem
 .text.vListInsertEnd
                0x08001926       0x46 ./Middlewares/Third_Party/FreeRTOS/Source/list.o
                0x08001926                vListInsertEnd
 .text.vListInsert
                0x0800196c       0x70 ./Middlewares/Third_Party/FreeRTOS/Source/list.o
                0x0800196c                vListInsert
 .text.uxListRemove
                0x080019dc       0x52 ./Middlewares/Third_Party/FreeRTOS/Source/list.o
                0x080019dc                uxListRemove
 *fill*         0x08001a2e        0x2 
 .text.xQueueGenericReset
                0x08001a30       0xd4 ./Middlewares/Third_Party/FreeRTOS/Source/queue.o
                0x08001a30                xQueueGenericReset
 .text.xQueueGenericCreateStatic
                0x08001b04       0xfa ./Middlewares/Third_Party/FreeRTOS/Source/queue.o
                0x08001b04                xQueueGenericCreateStatic
 .text.xQueueGenericCreate
                0x08001bfe       0x76 ./Middlewares/Third_Party/FreeRTOS/Source/queue.o
                0x08001bfe                xQueueGenericCreate
 .text.prvInitialiseNewQueue
                0x08001c74       0x3e ./Middlewares/Third_Party/FreeRTOS/Source/queue.o
 *fill*         0x08001cb2        0x2 
 .text.xQueueGenericSend
                0x08001cb4      0x204 ./Middlewares/Third_Party/FreeRTOS/Source/queue.o
                0x08001cb4                xQueueGenericSend
 .text.xQueueGiveFromISR
                0x08001eb8      0x120 ./Middlewares/Third_Party/FreeRTOS/Source/queue.o
                0x08001eb8                xQueueGiveFromISR
 .text.xQueueSemaphoreTake
                0x08001fd8      0x220 ./Middlewares/Third_Party/FreeRTOS/Source/queue.o
                0x08001fd8                xQueueSemaphoreTake
 .text.xQueueReceiveFromISR
                0x080021f8      0x104 ./Middlewares/Third_Party/FreeRTOS/Source/queue.o
                0x080021f8                xQueueReceiveFromISR
 .text.prvGetDisinheritPriorityAfterTimeout
                0x080022fc       0x2e ./Middlewares/Third_Party/FreeRTOS/Source/queue.o
 .text.prvCopyDataToQueue
                0x0800232a       0xd4 ./Middlewares/Third_Party/FreeRTOS/Source/queue.o
 .text.prvCopyDataFromQueue
                0x080023fe       0x4c ./Middlewares/Third_Party/FreeRTOS/Source/queue.o
 .text.prvUnlockQueue
                0x0800244a       0xa4 ./Middlewares/Third_Party/FreeRTOS/Source/queue.o
 .text.prvIsQueueEmpty
                0x080024ee       0x2c ./Middlewares/Third_Party/FreeRTOS/Source/queue.o
 .text.prvIsQueueFull
                0x0800251a       0x30 ./Middlewares/Third_Party/FreeRTOS/Source/queue.o
 .text.xTaskCreateStatic
                0x0800254a       0xc0 ./Middlewares/Third_Party/FreeRTOS/Source/tasks.o
                0x0800254a                xTaskCreateStatic
 .text.xTaskCreate
                0x0800260a       0x8a ./Middlewares/Third_Party/FreeRTOS/Source/tasks.o
                0x0800260a                xTaskCreate
 .text.prvInitialiseNewTask
                0x08002694      0x110 ./Middlewares/Third_Party/FreeRTOS/Source/tasks.o
 .text.prvAddNewTaskToReadyList
                0x080027a4       0xd4 ./Middlewares/Third_Party/FreeRTOS/Source/tasks.o
 .text.vTaskDelay
                0x08002878       0x6c ./Middlewares/Third_Party/FreeRTOS/Source/tasks.o
                0x08002878                vTaskDelay
 .text.vTaskStartScheduler
                0x080028e4       0xc4 ./Middlewares/Third_Party/FreeRTOS/Source/tasks.o
                0x080028e4                vTaskStartScheduler
 .text.vTaskSuspendAll
                0x080029a8       0x1c ./Middlewares/Third_Party/FreeRTOS/Source/tasks.o
                0x080029a8                vTaskSuspendAll
 .text.xTaskResumeAll
                0x080029c4      0x13c ./Middlewares/Third_Party/FreeRTOS/Source/tasks.o
                0x080029c4                xTaskResumeAll
 .text.xTaskIncrementTick
                0x08002b00      0x174 ./Middlewares/Third_Party/FreeRTOS/Source/tasks.o
                0x08002b00                xTaskIncrementTick
 .text.vTaskSwitchContext
                0x08002c74       0xb8 ./Middlewares/Third_Party/FreeRTOS/Source/tasks.o
                0x08002c74                vTaskSwitchContext
 .text.vTaskPlaceOnEventList
                0x08002d2c       0x4c ./Middlewares/Third_Party/FreeRTOS/Source/tasks.o
                0x08002d2c                vTaskPlaceOnEventList
 .text.xTaskRemoveFromEventList
                0x08002d78       0xc8 ./Middlewares/Third_Party/FreeRTOS/Source/tasks.o
                0x08002d78                xTaskRemoveFromEventList
 .text.vTaskInternalSetTimeOutState
                0x08002e40       0x2c ./Middlewares/Third_Party/FreeRTOS/Source/tasks.o
                0x08002e40                vTaskInternalSetTimeOutState
 .text.xTaskCheckForTimeOut
                0x08002e6c       0xc8 ./Middlewares/Third_Party/FreeRTOS/Source/tasks.o
                0x08002e6c                xTaskCheckForTimeOut
 .text.vTaskMissedYield
                0x08002f34       0x18 ./Middlewares/Third_Party/FreeRTOS/Source/tasks.o
                0x08002f34                vTaskMissedYield
 .text.prvIdleTask
                0x08002f4c       0x30 ./Middlewares/Third_Party/FreeRTOS/Source/tasks.o
 .text.prvInitialiseTaskLists
                0x08002f7c       0x80 ./Middlewares/Third_Party/FreeRTOS/Source/tasks.o
 .text.prvCheckTasksWaitingTermination
                0x08002ffc       0x5c ./Middlewares/Third_Party/FreeRTOS/Source/tasks.o
 .text.prvDeleteTCB
                0x08003058       0x60 ./Middlewares/Third_Party/FreeRTOS/Source/tasks.o
 .text.prvResetNextTaskUnblockTime
                0x080030b8       0x40 ./Middlewares/Third_Party/FreeRTOS/Source/tasks.o
 .text.xTaskGetSchedulerState
                0x080030f8       0x3c ./Middlewares/Third_Party/FreeRTOS/Source/tasks.o
                0x080030f8                xTaskGetSchedulerState
 .text.xTaskPriorityInherit
                0x08003134       0xec ./Middlewares/Third_Party/FreeRTOS/Source/tasks.o
                0x08003134                xTaskPriorityInherit
 .text.xTaskPriorityDisinherit
                0x08003220      0x110 ./Middlewares/Third_Party/FreeRTOS/Source/tasks.o
                0x08003220                xTaskPriorityDisinherit
 .text.vTaskPriorityDisinheritAfterTimeout
                0x08003330      0x120 ./Middlewares/Third_Party/FreeRTOS/Source/tasks.o
                0x08003330                vTaskPriorityDisinheritAfterTimeout
 .text.pvTaskIncrementMutexHeldCount
                0x08003450       0x28 ./Middlewares/Third_Party/FreeRTOS/Source/tasks.o
                0x08003450                pvTaskIncrementMutexHeldCount
 .text.prvAddCurrentTaskToDelayedList
                0x08003478       0xcc ./Middlewares/Third_Party/FreeRTOS/Source/tasks.o
 .text.pxPortInitialiseStack
                0x08003544       0x58 ./Middlewares/Third_Party/FreeRTOS/Source/portable/GCC/ARM_CM3/port.o
                0x08003544                pxPortInitialiseStack
 .text.prvTaskExitError
                0x0800359c       0x58 ./Middlewares/Third_Party/FreeRTOS/Source/portable/GCC/ARM_CM3/port.o
 *fill*         0x080035f4        0xc 
 .text.SVC_Handler
                0x08003600       0x28 ./Middlewares/Third_Party/FreeRTOS/Source/portable/GCC/ARM_CM3/port.o
                0x08003600                SVC_Handler
 .text.prvPortStartFirstTask
                0x08003628       0x20 ./Middlewares/Third_Party/FreeRTOS/Source/portable/GCC/ARM_CM3/port.o
 .text.xPortStartScheduler
                0x08003648       0xe4 ./Middlewares/Third_Party/FreeRTOS/Source/portable/GCC/ARM_CM3/port.o
                0x08003648                xPortStartScheduler
 .text.vPortEnterCritical
                0x0800372c       0x60 ./Middlewares/Third_Party/FreeRTOS/Source/portable/GCC/ARM_CM3/port.o
                0x0800372c                vPortEnterCritical
 .text.vPortExitCritical
                0x0800378c       0x54 ./Middlewares/Third_Party/FreeRTOS/Source/portable/GCC/ARM_CM3/port.o
                0x0800378c                vPortExitCritical
 .text.PendSV_Handler
                0x080037e0       0x48 ./Middlewares/Third_Party/FreeRTOS/Source/portable/GCC/ARM_CM3/port.o
                0x080037e0                PendSV_Handler
 .text.xPortSysTickHandler
                0x08003828       0x44 ./Middlewares/Third_Party/FreeRTOS/Source/portable/GCC/ARM_CM3/port.o
                0x08003828                xPortSysTickHandler
 .text.vPortSetupTimerInterrupt
                0x0800386c       0x44 ./Middlewares/Third_Party/FreeRTOS/Source/portable/GCC/ARM_CM3/port.o
                0x0800386c                vPortSetupTimerInterrupt
 .text.vPortValidateInterruptPriority
                0x080038b0       0x80 ./Middlewares/Third_Party/FreeRTOS/Source/portable/GCC/ARM_CM3/port.o
                0x080038b0                vPortValidateInterruptPriority
 .text.pvPortMalloc
                0x08003930      0x19c ./Middlewares/Third_Party/FreeRTOS/Source/portable/MemMang/heap_4.o
                0x08003930                pvPortMalloc
 .text.vPortFree
                0x08003acc       0xc8 ./Middlewares/Third_Party/FreeRTOS/Source/portable/MemMang/heap_4.o
                0x08003acc                vPortFree
 .text.prvHeapInit
                0x08003b94       0xc4 ./Middlewares/Third_Party/FreeRTOS/Source/portable/MemMang/heap_4.o
 .text.prvInsertBlockIntoFreeList
                0x08003c58       0xb0 ./Middlewares/Third_Party/FreeRTOS/Source/portable/MemMang/heap_4.o
 .text.memset   0x08003d08       0x10 E:/semester 5/embeded/STM32CubeIDE_1.16.0/STM32CubeIDE/plugins/com.st.stm32cube.ide.mcu.externaltools.gnu-tools-for-stm32.12.3.rel1.win32_1.0.200.202406191623/tools/bin/../lib/gcc/arm-none-eabi/12.3.1/../../../../arm-none-eabi/lib/thumb/v7-m/nofp\libc_nano.a(libc_a-memset.o)
                0x08003d08                memset
 .text.__libc_init_array
                0x08003d18       0x48 E:/semester 5/embeded/STM32CubeIDE_1.16.0/STM32CubeIDE/plugins/com.st.stm32cube.ide.mcu.externaltools.gnu-tools-for-stm32.12.3.rel1.win32_1.0.200.202406191623/tools/bin/../lib/gcc/arm-none-eabi/12.3.1/../../../../arm-none-eabi/lib/thumb/v7-m/nofp\libc_nano.a(libc_a-init.o)
                0x08003d18                __libc_init_array
 .text.memcpy   0x08003d60       0x1c E:/semester 5/embeded/STM32CubeIDE_1.16.0/STM32CubeIDE/plugins/com.st.stm32cube.ide.mcu.externaltools.gnu-tools-for-stm32.12.3.rel1.win32_1.0.200.202406191623/tools/bin/../lib/gcc/arm-none-eabi/12.3.1/../../../../arm-none-eabi/lib/thumb/v7-m/nofp\libc_nano.a(libc_a-memcpy-stub.o)
                0x08003d60                memcpy
 *(.glue_7)
 .glue_7        0x08003d7c        0x0 linker stubs
 *(.glue_7t)
 .glue_7t       0x08003d7c        0x0 linker stubs
 *(.eh_frame)
 .eh_frame      0x08003d7c        0x0 E:/semester 5/embeded/STM32CubeIDE_1.16.0/STM32CubeIDE/plugins/com.st.stm32cube.ide.mcu.externaltools.gnu-tools-for-stm32.12.3.rel1.win32_1.0.200.202406191623/tools/bin/../lib/gcc/arm-none-eabi/12.3.1/thumb/v7-m/nofp/crtbegin.o
 *(.init)
 .init          0x08003d7c        0x4 E:/semester 5/embeded/STM32CubeIDE_1.16.0/STM32CubeIDE/plugins/com.st.stm32cube.ide.mcu.externaltools.gnu-tools-for-stm32.12.3.rel1.win32_1.0.200.202406191623/tools/bin/../lib/gcc/arm-none-eabi/12.3.1/thumb/v7-m/nofp/crti.o
                0x08003d7c                _init
 .init          0x08003d80        0x8 E:/semester 5/embeded/STM32CubeIDE_1.16.0/STM32CubeIDE/plugins/com.st.stm32cube.ide.mcu.externaltools.gnu-tools-for-stm32.12.3.rel1.win32_1.0.200.202406191623/tools/bin/../lib/gcc/arm-none-eabi/12.3.1/thumb/v7-m/nofp/crtn.o
 *(.fini)
 .fini          0x08003d88        0x4 E:/semester 5/embeded/STM32CubeIDE_1.16.0/STM32CubeIDE/plugins/com.st.stm32cube.ide.mcu.externaltools.gnu-tools-for-stm32.12.3.rel1.win32_1.0.200.202406191623/tools/bin/../lib/gcc/arm-none-eabi/12.3.1/thumb/v7-m/nofp/crti.o
                0x08003d88                _fini
 .fini          0x08003d8c        0x8 E:/semester 5/embeded/STM32CubeIDE_1.16.0/STM32CubeIDE/plugins/com.st.stm32cube.ide.mcu.externaltools.gnu-tools-for-stm32.12.3.rel1.win32_1.0.200.202406191623/tools/bin/../lib/gcc/arm-none-eabi/12.3.1/thumb/v7-m/nofp/crtn.o
                0x08003d94                        . = ALIGN (0x4)
                0x08003d94                        _etext = .

.vfp11_veneer   0x08003d94        0x0
 .vfp11_veneer  0x08003d94        0x0 linker stubs

.v4_bx          0x08003d94        0x0
 .v4_bx         0x08003d94        0x0 linker stubs

.iplt           0x08003d94        0x0
 .iplt          0x08003d94        0x0 E:/semester 5/embeded/STM32CubeIDE_1.16.0/STM32CubeIDE/plugins/com.st.stm32cube.ide.mcu.externaltools.gnu-tools-for-stm32.12.3.rel1.win32_1.0.200.202406191623/tools/bin/../lib/gcc/arm-none-eabi/12.3.1/thumb/v7-m/nofp/crtbegin.o

.rodata         0x08003d94       0xdc
                0x08003d94                        . = ALIGN (0x4)
 *(.rodata)
 .rodata        0x08003d94       0xa8 ./Core/Src/main.o
 .rodata        0x08003e3c        0x5 ./Middlewares/Third_Party/FreeRTOS/Source/tasks.o
 *(.rodata*)
 *fill*         0x08003e41        0x3 
 .rodata.AHBPrescTable
                0x08003e44       0x10 ./Core/Src/system_stm32f1xx.o
                0x08003e44                AHBPrescTable
 .rodata.APBPrescTable
                0x08003e54        0x8 ./Core/Src/system_stm32f1xx.o
                0x08003e54                APBPrescTable
 .rodata.aPLLMULFactorTable.1
                0x08003e5c       0x10 ./Drivers/STM32F1xx_HAL_Driver/Src/stm32f1xx_hal_rcc.o
 .rodata.aPredivFactorTable.0
                0x08003e6c        0x2 ./Drivers/STM32F1xx_HAL_Driver/Src/stm32f1xx_hal_rcc.o
                0x08003e70                        . = ALIGN (0x4)
 *fill*         0x08003e6e        0x2 

.ARM.extab      0x08003e70        0x0
                0x08003e70                        . = ALIGN (0x4)
 *(.ARM.extab* .gnu.linkonce.armextab.*)
                0x08003e70                        . = ALIGN (0x4)

.ARM            0x08003e70        0x0
                0x08003e70                        . = ALIGN (0x4)
                0x08003e70                        __exidx_start = .
 *(.ARM.exidx*)
                0x08003e70                        __exidx_end = .
                0x08003e70                        . = ALIGN (0x4)

.preinit_array  0x08003e70        0x0
                0x08003e70                        . = ALIGN (0x4)
                0x08003e70                        PROVIDE (__preinit_array_start = .)
 *(.preinit_array*)
                0x08003e70                        PROVIDE (__preinit_array_end = .)
                0x08003e70                        . = ALIGN (0x4)

.init_array     0x08003e70        0x4
                0x08003e70                        . = ALIGN (0x4)
                0x08003e70                        PROVIDE (__init_array_start = .)
 *(SORT_BY_NAME(.init_array.*))
 *(.init_array*)
 .init_array    0x08003e70        0x4 E:/semester 5/embeded/STM32CubeIDE_1.16.0/STM32CubeIDE/plugins/com.st.stm32cube.ide.mcu.externaltools.gnu-tools-for-stm32.12.3.rel1.win32_1.0.200.202406191623/tools/bin/../lib/gcc/arm-none-eabi/12.3.1/thumb/v7-m/nofp/crtbegin.o
                0x08003e74                        PROVIDE (__init_array_end = .)
                0x08003e74                        . = ALIGN (0x4)

.fini_array     0x08003e74        0x4
                0x08003e74                        . = ALIGN (0x4)
                [!provide]                        PROVIDE (__fini_array_start = .)
 *(SORT_BY_NAME(.fini_array.*))
 *(.fini_array*)
 .fini_array    0x08003e74        0x4 E:/semester 5/embeded/STM32CubeIDE_1.16.0/STM32CubeIDE/plugins/com.st.stm32cube.ide.mcu.externaltools.gnu-tools-for-stm32.12.3.rel1.win32_1.0.200.202406191623/tools/bin/../lib/gcc/arm-none-eabi/12.3.1/thumb/v7-m/nofp/crtbegin.o
                [!provide]                        PROVIDE (__fini_array_end = .)
                0x08003e78                        . = ALIGN (0x4)
                0x08003e78                        _sidata = LOADADDR (.data)

.rel.dyn        0x08003e78        0x0
 .rel.iplt      0x08003e78        0x0 E:/semester 5/embeded/STM32CubeIDE_1.16.0/STM32CubeIDE/plugins/com.st.stm32cube.ide.mcu.externaltools.gnu-tools-for-stm32.12.3.rel1.win32_1.0.200.202406191623/tools/bin/../lib/gcc/arm-none-eabi/12.3.1/thumb/v7-m/nofp/crtbegin.o

.data           0x20000000       0x14 load address 0x08003e78
                0x20000000                        . = ALIGN (0x4)
                0x20000000                        _sdata = .
 *(.data)
 *(.data*)
 .data.startFlag
                0x20000000        0x1 ./Core/Src/main.o
                0x20000000                startFlag
 *fill*         0x20000001        0x3 
 .data.SystemCoreClock
                0x20000004        0x4 ./Core/Src/system_stm32f1xx.o
                0x20000004                SystemCoreClock
 .data.uwTickPrio
                0x20000008        0x4 ./Drivers/STM32F1xx_HAL_Driver/Src/stm32f1xx_hal.o
                0x20000008                uwTickPrio
 .data.uwTickFreq
                0x2000000c        0x1 ./Drivers/STM32F1xx_HAL_Driver/Src/stm32f1xx_hal.o
                0x2000000c                uwTickFreq
 *fill*         0x2000000d        0x3 
 .data.uxCriticalNesting
                0x20000010        0x4 ./Middlewares/Third_Party/FreeRTOS/Source/portable/GCC/ARM_CM3/port.o
 *(.RamFunc)
 *(.RamFunc*)
                0x20000014                        . = ALIGN (0x4)
                0x20000014                        _edata = .

.igot.plt       0x20000014        0x0 load address 0x08003e8c
 .igot.plt      0x20000014        0x0 E:/semester 5/embeded/STM32CubeIDE_1.16.0/STM32CubeIDE/plugins/com.st.stm32cube.ide.mcu.externaltools.gnu-tools-for-stm32.12.3.rel1.win32_1.0.200.202406191623/tools/bin/../lib/gcc/arm-none-eabi/12.3.1/thumb/v7-m/nofp/crtbegin.o
                0x20000014                        . = ALIGN (0x4)

.bss            0x20000014     0x1024 load address 0x08003e8c
                0x20000014                        _sbss = .
                0x20000014                        __bss_start__ = _sbss
 *(.bss)
 .bss           0x20000014       0x1c E:/semester 5/embeded/STM32CubeIDE_1.16.0/STM32CubeIDE/plugins/com.st.stm32cube.ide.mcu.externaltools.gnu-tools-for-stm32.12.3.rel1.win32_1.0.200.202406191623/tools/bin/../lib/gcc/arm-none-eabi/12.3.1/thumb/v7-m/nofp/crtbegin.o
 *(.bss*)
 .bss.xIdleTaskTCBBuffer
                0x20000030       0x54 ./Core/Src/freertos.o
 .bss.xIdleStack
                0x20000084      0x200 ./Core/Src/freertos.o
 .bss.huart1    0x20000284       0x48 ./Core/Src/main.o
                0x20000284                huart1
 .bss.defaultTaskHandle
                0x200002cc        0x4 ./Core/Src/main.o
                0x200002cc                defaultTaskHandle
 .bss.GreenLEDTaskHandle
                0x200002d0        0x4 ./Core/Src/main.o
                0x200002d0                GreenLEDTaskHandle
 .bss.RedLEDTaskHandle
                0x200002d4        0x4 ./Core/Src/main.o
                0x200002d4                RedLEDTaskHandle
 .bss.YellowLEDTaskHandle
                0x200002d8        0x4 ./Core/Src/main.o
                0x200002d8                YellowLEDTaskHandle
 .bss.CriticalResourceSemaphoreHandle
                0x200002dc        0x4 ./Core/Src/main.o
                0x200002dc                CriticalResourceSemaphoreHandle
 .bss.uwTick    0x200002e0        0x4 ./Drivers/STM32F1xx_HAL_Driver/Src/stm32f1xx_hal.o
                0x200002e0                uwTick
 .bss.pxCurrentTCB
                0x200002e4        0x4 ./Middlewares/Third_Party/FreeRTOS/Source/tasks.o
                0x200002e4                pxCurrentTCB
 .bss.pxReadyTasksLists
                0x200002e8       0x8c ./Middlewares/Third_Party/FreeRTOS/Source/tasks.o
 .bss.xDelayedTaskList1
                0x20000374       0x14 ./Middlewares/Third_Party/FreeRTOS/Source/tasks.o
 .bss.xDelayedTaskList2
                0x20000388       0x14 ./Middlewares/Third_Party/FreeRTOS/Source/tasks.o
 .bss.pxDelayedTaskList
                0x2000039c        0x4 ./Middlewares/Third_Party/FreeRTOS/Source/tasks.o
 .bss.pxOverflowDelayedTaskList
                0x200003a0        0x4 ./Middlewares/Third_Party/FreeRTOS/Source/tasks.o
 .bss.xPendingReadyList
                0x200003a4       0x14 ./Middlewares/Third_Party/FreeRTOS/Source/tasks.o
 .bss.xTasksWaitingTermination
                0x200003b8       0x14 ./Middlewares/Third_Party/FreeRTOS/Source/tasks.o
 .bss.uxDeletedTasksWaitingCleanUp
                0x200003cc        0x4 ./Middlewares/Third_Party/FreeRTOS/Source/tasks.o
 .bss.xSuspendedTaskList
                0x200003d0       0x14 ./Middlewares/Third_Party/FreeRTOS/Source/tasks.o
 .bss.uxCurrentNumberOfTasks
                0x200003e4        0x4 ./Middlewares/Third_Party/FreeRTOS/Source/tasks.o
 .bss.xTickCount
                0x200003e8        0x4 ./Middlewares/Third_Party/FreeRTOS/Source/tasks.o
 .bss.uxTopReadyPriority
                0x200003ec        0x4 ./Middlewares/Third_Party/FreeRTOS/Source/tasks.o
 .bss.xSchedulerRunning
                0x200003f0        0x4 ./Middlewares/Third_Party/FreeRTOS/Source/tasks.o
 .bss.xPendedTicks
                0x200003f4        0x4 ./Middlewares/Third_Party/FreeRTOS/Source/tasks.o
 .bss.xYieldPending
                0x200003f8        0x4 ./Middlewares/Third_Party/FreeRTOS/Source/tasks.o
 .bss.xNumOfOverflows
                0x200003fc        0x4 ./Middlewares/Third_Party/FreeRTOS/Source/tasks.o
 .bss.uxTaskNumber
                0x20000400        0x4 ./Middlewares/Third_Party/FreeRTOS/Source/tasks.o
 .bss.xNextTaskUnblockTime
                0x20000404        0x4 ./Middlewares/Third_Party/FreeRTOS/Source/tasks.o
 .bss.xIdleTaskHandle
                0x20000408        0x4 ./Middlewares/Third_Party/FreeRTOS/Source/tasks.o
 .bss.uxSchedulerSuspended
                0x2000040c        0x4 ./Middlewares/Third_Party/FreeRTOS/Source/tasks.o
 .bss.ucMaxSysCallPriority
                0x20000410        0x1 ./Middlewares/Third_Party/FreeRTOS/Source/portable/GCC/ARM_CM3/port.o
 *fill*         0x20000411        0x3 
 .bss.ulMaxPRIGROUPValue
                0x20000414        0x4 ./Middlewares/Third_Party/FreeRTOS/Source/portable/GCC/ARM_CM3/port.o
 .bss.ucHeap    0x20000418      0xc00 ./Middlewares/Third_Party/FreeRTOS/Source/portable/MemMang/heap_4.o
 .bss.xStart    0x20001018        0x8 ./Middlewares/Third_Party/FreeRTOS/Source/portable/MemMang/heap_4.o
 .bss.pxEnd     0x20001020        0x4 ./Middlewares/Third_Party/FreeRTOS/Source/portable/MemMang/heap_4.o
 .bss.xFreeBytesRemaining
                0x20001024        0x4 ./Middlewares/Third_Party/FreeRTOS/Source/portable/MemMang/heap_4.o
 .bss.xMinimumEverFreeBytesRemaining
                0x20001028        0x4 ./Middlewares/Third_Party/FreeRTOS/Source/portable/MemMang/heap_4.o
 .bss.xNumberOfSuccessfulAllocations
                0x2000102c        0x4 ./Middlewares/Third_Party/FreeRTOS/Source/portable/MemMang/heap_4.o
 .bss.xNumberOfSuccessfulFrees
                0x20001030        0x4 ./Middlewares/Third_Party/FreeRTOS/Source/portable/MemMang/heap_4.o
 .bss.xBlockAllocatedBit
                0x20001034        0x4 ./Middlewares/Third_Party/FreeRTOS/Source/portable/MemMang/heap_4.o
 *(COMMON)
                0x20001038                        . = ALIGN (0x4)
                0x20001038                        _ebss = .
                0x20001038                        __bss_end__ = _ebss

._user_heap_stack
                0x20001038      0x600 load address 0x08003e8c
                0x20001038                        . = ALIGN (0x8)
                [!provide]                        PROVIDE (end = .)
                0x20001038                        PROVIDE (_end = .)
                0x20001238                        . = (. + _Min_Heap_Size)
 *fill*         0x20001038      0x200 
                0x20001638                        . = (. + _Min_Stack_Size)
 *fill*         0x20001238      0x400 
                0x20001638                        . = ALIGN (0x8)

/DISCARD/
 libc.a(*)
 libm.a(*)
 libgcc.a(*)

.ARM.attributes
                0x00000000       0x29
 *(.ARM.attributes)
 .ARM.attributes
                0x00000000       0x1d E:/semester 5/embeded/STM32CubeIDE_1.16.0/STM32CubeIDE/plugins/com.st.stm32cube.ide.mcu.externaltools.gnu-tools-for-stm32.12.3.rel1.win32_1.0.200.202406191623/tools/bin/../lib/gcc/arm-none-eabi/12.3.1/thumb/v7-m/nofp/crti.o
 .ARM.attributes
                0x0000001d       0x2d E:/semester 5/embeded/STM32CubeIDE_1.16.0/STM32CubeIDE/plugins/com.st.stm32cube.ide.mcu.externaltools.gnu-tools-for-stm32.12.3.rel1.win32_1.0.200.202406191623/tools/bin/../lib/gcc/arm-none-eabi/12.3.1/thumb/v7-m/nofp/crtbegin.o
 .ARM.attributes
                0x0000004a       0x2d ./Core/Src/freertos.o
 .ARM.attributes
                0x00000077       0x2d ./Core/Src/main.o
 .ARM.attributes
                0x000000a4       0x2d ./Core/Src/stm32f1xx_hal_msp.o
 .ARM.attributes
                0x000000d1       0x2d ./Core/Src/stm32f1xx_it.o
 .ARM.attributes
                0x000000fe       0x2d ./Core/Src/system_stm32f1xx.o
 .ARM.attributes
                0x0000012b       0x21 ./Core/Startup/startup_stm32f103c8tx.o
 .ARM.attributes
                0x0000014c       0x2d ./Drivers/STM32F1xx_HAL_Driver/Src/stm32f1xx_hal.o
 .ARM.attributes
                0x00000179       0x2d ./Drivers/STM32F1xx_HAL_Driver/Src/stm32f1xx_hal_cortex.o
 .ARM.attributes
                0x000001a6       0x2d ./Drivers/STM32F1xx_HAL_Driver/Src/stm32f1xx_hal_gpio.o
 .ARM.attributes
                0x000001d3       0x2d ./Drivers/STM32F1xx_HAL_Driver/Src/stm32f1xx_hal_rcc.o
 .ARM.attributes
                0x00000200       0x2d ./Drivers/STM32F1xx_HAL_Driver/Src/stm32f1xx_hal_uart.o
 .ARM.attributes
                0x0000022d       0x2d ./Middlewares/Third_Party/FreeRTOS/Source/CMSIS_RTOS/cmsis_os.o
 .ARM.attributes
                0x0000025a       0x2d ./Middlewares/Third_Party/FreeRTOS/Source/list.o
 .ARM.attributes
                0x00000287       0x2d ./Middlewares/Third_Party/FreeRTOS/Source/queue.o
 .ARM.attributes
                0x000002b4       0x2d ./Middlewares/Third_Party/FreeRTOS/Source/tasks.o
 .ARM.attributes
                0x000002e1       0x2d ./Middlewares/Third_Party/FreeRTOS/Source/portable/GCC/ARM_CM3/port.o
 .ARM.attributes
                0x0000030e       0x2d ./Middlewares/Third_Party/FreeRTOS/Source/portable/MemMang/heap_4.o
 .ARM.attributes
                0x0000033b       0x2d E:/semester 5/embeded/STM32CubeIDE_1.16.0/STM32CubeIDE/plugins/com.st.stm32cube.ide.mcu.externaltools.gnu-tools-for-stm32.12.3.rel1.win32_1.0.200.202406191623/tools/bin/../lib/gcc/arm-none-eabi/12.3.1/../../../../arm-none-eabi/lib/thumb/v7-m/nofp\libc_nano.a(libc_a-memset.o)
 .ARM.attributes
                0x00000368       0x2d E:/semester 5/embeded/STM32CubeIDE_1.16.0/STM32CubeIDE/plugins/com.st.stm32cube.ide.mcu.externaltools.gnu-tools-for-stm32.12.3.rel1.win32_1.0.200.202406191623/tools/bin/../lib/gcc/arm-none-eabi/12.3.1/../../../../arm-none-eabi/lib/thumb/v7-m/nofp\libc_nano.a(libc_a-init.o)
 .ARM.attributes
                0x00000395       0x2d E:/semester 5/embeded/STM32CubeIDE_1.16.0/STM32CubeIDE/plugins/com.st.stm32cube.ide.mcu.externaltools.gnu-tools-for-stm32.12.3.rel1.win32_1.0.200.202406191623/tools/bin/../lib/gcc/arm-none-eabi/12.3.1/../../../../arm-none-eabi/lib/thumb/v7-m/nofp\libc_nano.a(libc_a-memcpy-stub.o)
 .ARM.attributes
                0x000003c2       0x1d E:/semester 5/embeded/STM32CubeIDE_1.16.0/STM32CubeIDE/plugins/com.st.stm32cube.ide.mcu.externaltools.gnu-tools-for-stm32.12.3.rel1.win32_1.0.200.202406191623/tools/bin/../lib/gcc/arm-none-eabi/12.3.1/thumb/v7-m/nofp/crtn.o
OUTPUT(RTOS task 8.elf elf32-littlearm)
LOAD linker stubs
LOAD E:/semester 5/embeded/STM32CubeIDE_1.16.0/STM32CubeIDE/plugins/com.st.stm32cube.ide.mcu.externaltools.gnu-tools-for-stm32.12.3.rel1.win32_1.0.200.202406191623/tools/bin/../lib/gcc/arm-none-eabi/12.3.1/../../../../arm-none-eabi/lib/thumb/v7-m/nofp\libc.a
LOAD E:/semester 5/embeded/STM32CubeIDE_1.16.0/STM32CubeIDE/plugins/com.st.stm32cube.ide.mcu.externaltools.gnu-tools-for-stm32.12.3.rel1.win32_1.0.200.202406191623/tools/bin/../lib/gcc/arm-none-eabi/12.3.1/../../../../arm-none-eabi/lib/thumb/v7-m/nofp\libm.a
LOAD E:/semester 5/embeded/STM32CubeIDE_1.16.0/STM32CubeIDE/plugins/com.st.stm32cube.ide.mcu.externaltools.gnu-tools-for-stm32.12.3.rel1.win32_1.0.200.202406191623/tools/bin/../lib/gcc/arm-none-eabi/12.3.1/thumb/v7-m/nofp\libgcc.a

.debug_info     0x00000000     0xca21
 .debug_info    0x00000000      0x279 ./Core/Src/freertos.o
 .debug_info    0x00000279     0x10ee ./Core/Src/main.o
 .debug_info    0x00001367      0x969 ./Core/Src/stm32f1xx_hal_msp.o
 .debug_info    0x00001cd0      0x11b ./Core/Src/stm32f1xx_it.o
 .debug_info    0x00001deb      0x222 ./Core/Src/system_stm32f1xx.o
 .debug_info    0x0000200d       0x30 ./Core/Startup/startup_stm32f103c8tx.o
 .debug_info    0x0000203d      0x704 ./Drivers/STM32F1xx_HAL_Driver/Src/stm32f1xx_hal.o
 .debug_info    0x00002741      0xa87 ./Drivers/STM32F1xx_HAL_Driver/Src/stm32f1xx_hal_cortex.o
 .debug_info    0x000031c8      0x5ab ./Drivers/STM32F1xx_HAL_Driver/Src/stm32f1xx_hal_gpio.o
 .debug_info    0x00003773      0x7d5 ./Drivers/STM32F1xx_HAL_Driver/Src/stm32f1xx_hal_rcc.o
 .debug_info    0x00003f48     0x2eed ./Drivers/STM32F1xx_HAL_Driver/Src/stm32f1xx_hal_uart.o
 .debug_info    0x00006e35     0x1b60 ./Middlewares/Third_Party/FreeRTOS/Source/CMSIS_RTOS/cmsis_os.o
 .debug_info    0x00008995      0x2af ./Middlewares/Third_Party/FreeRTOS/Source/list.o
 .debug_info    0x00008c44     0x17cd ./Middlewares/Third_Party/FreeRTOS/Source/queue.o
 .debug_info    0x0000a411     0x1ca7 ./Middlewares/Third_Party/FreeRTOS/Source/tasks.o
 .debug_info    0x0000c0b8      0x494 ./Middlewares/Third_Party/FreeRTOS/Source/portable/GCC/ARM_CM3/port.o
 .debug_info    0x0000c54c      0x4d5 ./Middlewares/Third_Party/FreeRTOS/Source/portable/MemMang/heap_4.o

.debug_abbrev   0x00000000     0x242f
 .debug_abbrev  0x00000000       0xd2 ./Core/Src/freertos.o
 .debug_abbrev  0x000000d2      0x2fb ./Core/Src/main.o
 .debug_abbrev  0x000003cd      0x1c8 ./Core/Src/stm32f1xx_hal_msp.o
 .debug_abbrev  0x00000595       0xaa ./Core/Src/stm32f1xx_it.o
 .debug_abbrev  0x0000063f      0x13f ./Core/Src/system_stm32f1xx.o
 .debug_abbrev  0x0000077e       0x24 ./Core/Startup/startup_stm32f103c8tx.o
 .debug_abbrev  0x000007a2      0x201 ./Drivers/STM32F1xx_HAL_Driver/Src/stm32f1xx_hal.o
 .debug_abbrev  0x000009a3      0x2f8 ./Drivers/STM32F1xx_HAL_Driver/Src/stm32f1xx_hal_cortex.o
 .debug_abbrev  0x00000c9b      0x1ca ./Drivers/STM32F1xx_HAL_Driver/Src/stm32f1xx_hal_gpio.o
 .debug_abbrev  0x00000e65      0x2b3 ./Drivers/STM32F1xx_HAL_Driver/Src/stm32f1xx_hal_rcc.o
 .debug_abbrev  0x00001118      0x2f8 ./Drivers/STM32F1xx_HAL_Driver/Src/stm32f1xx_hal_uart.o
 .debug_abbrev  0x00001410      0x3a7 ./Middlewares/Third_Party/FreeRTOS/Source/CMSIS_RTOS/cmsis_os.o
 .debug_abbrev  0x000017b7       0xf5 ./Middlewares/Third_Party/FreeRTOS/Source/list.o
 .debug_abbrev  0x000018ac      0x3b5 ./Middlewares/Third_Party/FreeRTOS/Source/queue.o
 .debug_abbrev  0x00001c61      0x359 ./Middlewares/Third_Party/FreeRTOS/Source/tasks.o
 .debug_abbrev  0x00001fba      0x258 ./Middlewares/Third_Party/FreeRTOS/Source/portable/GCC/ARM_CM3/port.o
 .debug_abbrev  0x00002212      0x21d ./Middlewares/Third_Party/FreeRTOS/Source/portable/MemMang/heap_4.o

.debug_aranges  0x00000000      0xbd8
 .debug_aranges
                0x00000000       0x20 ./Core/Src/freertos.o
 .debug_aranges
                0x00000020       0x70 ./Core/Src/main.o
 .debug_aranges
                0x00000090       0x30 ./Core/Src/stm32f1xx_hal_msp.o
 .debug_aranges
                0x000000c0       0x50 ./Core/Src/stm32f1xx_it.o
 .debug_aranges
                0x00000110       0x28 ./Core/Src/system_stm32f1xx.o
 .debug_aranges
                0x00000138       0x28 ./Core/Startup/startup_stm32f103c8tx.o
 .debug_aranges
                0x00000160       0xe0 ./Drivers/STM32F1xx_HAL_Driver/Src/stm32f1xx_hal.o
 .debug_aranges
                0x00000240      0x100 ./Drivers/STM32F1xx_HAL_Driver/Src/stm32f1xx_hal_cortex.o
 .debug_aranges
                0x00000340       0x58 ./Drivers/STM32F1xx_HAL_Driver/Src/stm32f1xx_hal_gpio.o
 .debug_aranges
                0x00000398       0x90 ./Drivers/STM32F1xx_HAL_Driver/Src/stm32f1xx_hal_rcc.o
 .debug_aranges
                0x00000428      0x208 ./Drivers/STM32F1xx_HAL_Driver/Src/stm32f1xx_hal_uart.o
 .debug_aranges
                0x00000630      0x1d8 ./Middlewares/Third_Party/FreeRTOS/Source/CMSIS_RTOS/cmsis_os.o
 .debug_aranges
                0x00000808       0x40 ./Middlewares/Third_Party/FreeRTOS/Source/list.o
 .debug_aranges
                0x00000848      0x108 ./Middlewares/Third_Party/FreeRTOS/Source/queue.o
 .debug_aranges
                0x00000950      0x1b8 ./Middlewares/Third_Party/FreeRTOS/Source/tasks.o
 .debug_aranges
                0x00000b08       0x78 ./Middlewares/Third_Party/FreeRTOS/Source/portable/GCC/ARM_CM3/port.o
 .debug_aranges
                0x00000b80       0x58 ./Middlewares/Third_Party/FreeRTOS/Source/portable/MemMang/heap_4.o

.debug_rnglists
                0x00000000      0x90c
 .debug_rnglists
                0x00000000       0x13 ./Core/Src/freertos.o
 .debug_rnglists
                0x00000013       0x50 ./Core/Src/main.o
 .debug_rnglists
                0x00000063       0x20 ./Core/Src/stm32f1xx_hal_msp.o
 .debug_rnglists
                0x00000083       0x37 ./Core/Src/stm32f1xx_it.o
 .debug_rnglists
                0x000000ba       0x1a ./Core/Src/system_stm32f1xx.o
 .debug_rnglists
                0x000000d4       0x19 ./Core/Startup/startup_stm32f103c8tx.o
 .debug_rnglists
                0x000000ed       0xa3 ./Drivers/STM32F1xx_HAL_Driver/Src/stm32f1xx_hal.o
 .debug_rnglists
                0x00000190       0xbb ./Drivers/STM32F1xx_HAL_Driver/Src/stm32f1xx_hal_cortex.o
 .debug_rnglists
                0x0000024b       0x3f ./Drivers/STM32F1xx_HAL_Driver/Src/stm32f1xx_hal_gpio.o
 .debug_rnglists
                0x0000028a       0x6c ./Drivers/STM32F1xx_HAL_Driver/Src/stm32f1xx_hal_rcc.o
 .debug_rnglists
                0x000002f6      0x1bc ./Drivers/STM32F1xx_HAL_Driver/Src/stm32f1xx_hal_uart.o
 .debug_rnglists
                0x000004b2      0x16a ./Middlewares/Third_Party/FreeRTOS/Source/CMSIS_RTOS/cmsis_os.o
 .debug_rnglists
                0x0000061c       0x2b ./Middlewares/Third_Party/FreeRTOS/Source/list.o
 .debug_rnglists
                0x00000647       0xcd ./Middlewares/Third_Party/FreeRTOS/Source/queue.o
 .debug_rnglists
                0x00000714      0x15f ./Middlewares/Third_Party/FreeRTOS/Source/tasks.o
 .debug_rnglists
                0x00000873       0x57 ./Middlewares/Third_Party/FreeRTOS/Source/portable/GCC/ARM_CM3/port.o
 .debug_rnglists
                0x000008ca       0x42 ./Middlewares/Third_Party/FreeRTOS/Source/portable/MemMang/heap_4.o

.debug_macro    0x00000000    0x1851e
 .debug_macro   0x00000000      0x205 ./Core/Src/freertos.o
 .debug_macro   0x00000205      0xaa8 ./Core/Src/freertos.o
 .debug_macro   0x00000cad      0x189 ./Core/Src/freertos.o
 .debug_macro   0x00000e36       0x22 ./Core/Src/freertos.o
 .debug_macro   0x00000e58       0x8e ./Core/Src/freertos.o
 .debug_macro   0x00000ee6       0x51 ./Core/Src/freertos.o
 .debug_macro   0x00000f37      0x103 ./Core/Src/freertos.o
 .debug_macro   0x0000103a       0x6a ./Core/Src/freertos.o
 .debug_macro   0x000010a4      0x1df ./Core/Src/freertos.o
 .debug_macro   0x00001283       0xd0 ./Core/Src/freertos.o
 .debug_macro   0x00001353      0x15a ./Core/Src/freertos.o
 .debug_macro   0x000014ad       0xde ./Core/Src/freertos.o
 .debug_macro   0x0000158b       0x1c ./Core/Src/freertos.o
 .debug_macro   0x000015a7       0x26 ./Core/Src/freertos.o
 .debug_macro   0x000015cd      0x519 ./Core/Src/freertos.o
 .debug_macro   0x00001ae6       0xb5 ./Core/Src/freertos.o
 .debug_macro   0x00001b9b       0xaa ./Core/Src/freertos.o
 .debug_macro   0x00001c45      0x215 ./Core/Src/freertos.o
 .debug_macro   0x00001e5a       0x2e ./Core/Src/freertos.o
 .debug_macro   0x00001e88       0x22 ./Core/Src/freertos.o
 .debug_macro   0x00001eaa       0x1c ./Core/Src/freertos.o
 .debug_macro   0x00001ec6       0x22 ./Core/Src/freertos.o
 .debug_macro   0x00001ee8       0xbd ./Core/Src/freertos.o
 .debug_macro   0x00001fa5      0xd23 ./Core/Src/freertos.o
 .debug_macro   0x00002cc8     0xe09e ./Core/Src/freertos.o
 .debug_macro   0x00010d66       0x6d ./Core/Src/freertos.o
 .debug_macro   0x00010dd3     0x34a2 ./Core/Src/freertos.o
 .debug_macro   0x00014275       0x5c ./Core/Src/freertos.o
 .debug_macro   0x000142d1      0x5bc ./Core/Src/freertos.o
 .debug_macro   0x0001488d      0x289 ./Core/Src/freertos.o
 .debug_macro   0x00014b16      0x1cb ./Core/Src/freertos.o
 .debug_macro   0x00014ce1      0x114 ./Core/Src/freertos.o
 .debug_macro   0x00014df5      0x1b2 ./Core/Src/freertos.o
 .debug_macro   0x00014fa7       0x27 ./Core/Src/freertos.o
 .debug_macro   0x00014fce      0x136 ./Core/Src/freertos.o
 .debug_macro   0x00015104      0x1bc ./Core/Src/freertos.o
 .debug_macro   0x000152c0       0x34 ./Core/Src/freertos.o
 .debug_macro   0x000152f4       0x3c ./Core/Src/freertos.o
 .debug_macro   0x00015330       0x57 ./Core/Src/freertos.o
 .debug_macro   0x00015387       0x87 ./Core/Src/freertos.o
 .debug_macro   0x0001540e      0x240 ./Core/Src/freertos.o
 .debug_macro   0x0001564e      0x140 ./Core/Src/freertos.o
 .debug_macro   0x0001578e      0x28e ./Core/Src/freertos.o
 .debug_macro   0x00015a1c       0x83 ./Core/Src/freertos.o
 .debug_macro   0x00015a9f       0x34 ./Core/Src/freertos.o
 .debug_macro   0x00015ad3      0x32e ./Core/Src/main.o
 .debug_macro   0x00015e01       0xd0 ./Core/Src/main.o
 .debug_macro   0x00015ed1       0x91 ./Core/Src/main.o
 .debug_macro   0x00015f62       0x8d ./Core/Src/main.o
 .debug_macro   0x00015fef       0x7e ./Core/Src/main.o
 .debug_macro   0x0001606d       0x19 ./Core/Src/main.o
 .debug_macro   0x00016086       0xf2 ./Core/Src/main.o
 .debug_macro   0x00016178       0x61 ./Core/Src/main.o
 .debug_macro   0x000161d9       0x24 ./Core/Src/main.o
 .debug_macro   0x000161fd       0x43 ./Core/Src/main.o
 .debug_macro   0x00016240       0x34 ./Core/Src/main.o
 .debug_macro   0x00016274       0x16 ./Core/Src/main.o
 .debug_macro   0x0001628a       0x35 ./Core/Src/main.o
 .debug_macro   0x000162bf      0x369 ./Core/Src/main.o
 .debug_macro   0x00016628       0x10 ./Core/Src/main.o
 .debug_macro   0x00016638       0x16 ./Core/Src/main.o
 .debug_macro   0x0001664e       0x43 ./Core/Src/main.o
 .debug_macro   0x00016691       0x34 ./Core/Src/main.o
 .debug_macro   0x000166c5       0x10 ./Core/Src/main.o
 .debug_macro   0x000166d5       0x58 ./Core/Src/main.o
 .debug_macro   0x0001672d       0x8e ./Core/Src/main.o
 .debug_macro   0x000167bb       0x1c ./Core/Src/main.o
 .debug_macro   0x000167d7      0x177 ./Core/Src/main.o
 .debug_macro   0x0001694e       0x16 ./Core/Src/main.o
 .debug_macro   0x00016964       0x16 ./Core/Src/main.o
 .debug_macro   0x0001697a      0x146 ./Core/Src/main.o
 .debug_macro   0x00016ac0      0x19d ./Core/Src/stm32f1xx_hal_msp.o
 .debug_macro   0x00016c5d      0x20f ./Core/Src/stm32f1xx_it.o
 .debug_macro   0x00016e6c      0x18e ./Core/Src/system_stm32f1xx.o
 .debug_macro   0x00016ffa      0x1b2 ./Drivers/STM32F1xx_HAL_Driver/Src/stm32f1xx_hal.o
 .debug_macro   0x000171ac      0x18e ./Drivers/STM32F1xx_HAL_Driver/Src/stm32f1xx_hal_cortex.o
 .debug_macro   0x0001733a      0x1f9 ./Drivers/STM32F1xx_HAL_Driver/Src/stm32f1xx_hal_gpio.o
 .debug_macro   0x00017533      0x1a0 ./Drivers/STM32F1xx_HAL_Driver/Src/stm32f1xx_hal_rcc.o
 .debug_macro   0x000176d3      0x18f ./Drivers/STM32F1xx_HAL_Driver/Src/stm32f1xx_hal_uart.o
 .debug_macro   0x00017862      0x1fe ./Middlewares/Third_Party/FreeRTOS/Source/CMSIS_RTOS/cmsis_os.o
 .debug_macro   0x00017a60       0x10 ./Middlewares/Third_Party/FreeRTOS/Source/CMSIS_RTOS/cmsis_os.o
 .debug_macro   0x00017a70       0x20 ./Middlewares/Third_Party/FreeRTOS/Source/CMSIS_RTOS/cmsis_os.o
 .debug_macro   0x00017a90       0xab ./Middlewares/Third_Party/FreeRTOS/Source/CMSIS_RTOS/cmsis_os.o
 .debug_macro   0x00017b3b      0x187 ./Middlewares/Third_Party/FreeRTOS/Source/list.o
 .debug_macro   0x00017cc2      0x216 ./Middlewares/Third_Party/FreeRTOS/Source/queue.o
 .debug_macro   0x00017ed8       0x16 ./Middlewares/Third_Party/FreeRTOS/Source/queue.o
 .debug_macro   0x00017eee       0x87 ./Middlewares/Third_Party/FreeRTOS/Source/queue.o
 .debug_macro   0x00017f75      0x279 ./Middlewares/Third_Party/FreeRTOS/Source/tasks.o
 .debug_macro   0x000181ee       0x10 ./Middlewares/Third_Party/FreeRTOS/Source/tasks.o
 .debug_macro   0x000181fe      0x172 ./Middlewares/Third_Party/FreeRTOS/Source/portable/GCC/ARM_CM3/port.o
 .debug_macro   0x00018370      0x1ae ./Middlewares/Third_Party/FreeRTOS/Source/portable/MemMang/heap_4.o

.debug_line     0x00000000     0xe990
 .debug_line    0x00000000      0x86c ./Core/Src/freertos.o
 .debug_line    0x0000086c      0xd04 ./Core/Src/main.o
 .debug_line    0x00001570      0x7c4 ./Core/Src/stm32f1xx_hal_msp.o
 .debug_line    0x00001d34      0x916 ./Core/Src/stm32f1xx_it.o
 .debug_line    0x0000264a      0x7ed ./Core/Src/system_stm32f1xx.o
 .debug_line    0x00002e37       0x78 ./Core/Startup/startup_stm32f103c8tx.o
 .debug_line    0x00002eaf      0xa1a ./Drivers/STM32F1xx_HAL_Driver/Src/stm32f1xx_hal.o
 .debug_line    0x000038c9      0xc06 ./Drivers/STM32F1xx_HAL_Driver/Src/stm32f1xx_hal_cortex.o
 .debug_line    0x000044cf      0xab3 ./Drivers/STM32F1xx_HAL_Driver/Src/stm32f1xx_hal_gpio.o
 .debug_line    0x00004f82      0xe23 ./Drivers/STM32F1xx_HAL_Driver/Src/stm32f1xx_hal_rcc.o
 .debug_line    0x00005da5     0x28f9 ./Drivers/STM32F1xx_HAL_Driver/Src/stm32f1xx_hal_uart.o
 .debug_line    0x0000869e     0x13ff ./Middlewares/Third_Party/FreeRTOS/Source/CMSIS_RTOS/cmsis_os.o
 .debug_line    0x00009a9d      0x92f ./Middlewares/Third_Party/FreeRTOS/Source/list.o
 .debug_line    0x0000a3cc     0x16b0 ./Middlewares/Third_Party/FreeRTOS/Source/queue.o
 .debug_line    0x0000ba7c     0x1b46 ./Middlewares/Third_Party/FreeRTOS/Source/tasks.o
 .debug_line    0x0000d5c2      0x875 ./Middlewares/Third_Party/FreeRTOS/Source/portable/GCC/ARM_CM3/port.o
 .debug_line    0x0000de37      0xb59 ./Middlewares/Third_Party/FreeRTOS/Source/portable/MemMang/heap_4.o

.debug_str      0x00000000    0x8ac08
 .debug_str     0x00000000    0x80547 ./Core/Src/freertos.o
                              0x808b3 (size before relaxing)
 .debug_str     0x00080547     0x63ec ./Core/Src/main.o
                              0x86ca3 (size before relaxing)
 .debug_str     0x00086933      0x317 ./Core/Src/stm32f1xx_hal_msp.o
                              0x7d1ac (size before relaxing)
 .debug_str     0x00086c4a       0xd9 ./Core/Src/stm32f1xx_it.o
                              0x80814 (size before relaxing)
 .debug_str     0x00086d23       0x7e ./Core/Src/system_stm32f1xx.o
                              0x7c9ba (size before relaxing)
 .debug_str     0x00086da1       0x44 ./Core/Startup/startup_stm32f103c8tx.o
                                 0x6c (size before relaxing)
 .debug_str     0x00086de5      0x38e ./Drivers/STM32F1xx_HAL_Driver/Src/stm32f1xx_hal.o
                              0x7d0ed (size before relaxing)
 .debug_str     0x00087173      0x2a8 ./Drivers/STM32F1xx_HAL_Driver/Src/stm32f1xx_hal_cortex.o
                              0x7d039 (size before relaxing)
 .debug_str     0x0008741b      0x2d3 ./Drivers/STM32F1xx_HAL_Driver/Src/stm32f1xx_hal_gpio.o
                              0x7cd40 (size before relaxing)
 .debug_str     0x000876ee      0x229 ./Drivers/STM32F1xx_HAL_Driver/Src/stm32f1xx_hal_rcc.o
                              0x7cde9 (size before relaxing)
 .debug_str     0x00087917      0x652 ./Drivers/STM32F1xx_HAL_Driver/Src/stm32f1xx_hal_uart.o
                              0x7d45a (size before relaxing)
 .debug_str     0x00087f69      0x9c5 ./Middlewares/Third_Party/FreeRTOS/Source/CMSIS_RTOS/cmsis_os.o
                               0xe572 (size before relaxing)
 .debug_str     0x0008892e      0x20f ./Middlewares/Third_Party/FreeRTOS/Source/list.o
                               0xaa6e (size before relaxing)
 .debug_str     0x00088b3d      0x7ed ./Middlewares/Third_Party/FreeRTOS/Source/queue.o
                               0xc401 (size before relaxing)
 .debug_str     0x0008932a      0xf43 ./Middlewares/Third_Party/FreeRTOS/Source/tasks.o
                               0xcdd9 (size before relaxing)
 .debug_str     0x0008a26d      0x66e ./Middlewares/Third_Party/FreeRTOS/Source/portable/GCC/ARM_CM3/port.o
                               0x85b7 (size before relaxing)
 .debug_str     0x0008a8db      0x32d ./Middlewares/Third_Party/FreeRTOS/Source/portable/MemMang/heap_4.o
                               0xb3b0 (size before relaxing)

.comment        0x00000000       0x43
 .comment       0x00000000       0x43 ./Core/Src/freertos.o
                                 0x44 (size before relaxing)
 .comment       0x00000043       0x44 ./Core/Src/main.o
 .comment       0x00000043       0x44 ./Core/Src/stm32f1xx_hal_msp.o
 .comment       0x00000043       0x44 ./Core/Src/stm32f1xx_it.o
 .comment       0x00000043       0x44 ./Core/Src/system_stm32f1xx.o
 .comment       0x00000043       0x44 ./Drivers/STM32F1xx_HAL_Driver/Src/stm32f1xx_hal.o
 .comment       0x00000043       0x44 ./Drivers/STM32F1xx_HAL_Driver/Src/stm32f1xx_hal_cortex.o
 .comment       0x00000043       0x44 ./Drivers/STM32F1xx_HAL_Driver/Src/stm32f1xx_hal_gpio.o
 .comment       0x00000043       0x44 ./Drivers/STM32F1xx_HAL_Driver/Src/stm32f1xx_hal_rcc.o
 .comment       0x00000043       0x44 ./Drivers/STM32F1xx_HAL_Driver/Src/stm32f1xx_hal_uart.o
 .comment       0x00000043       0x44 ./Middlewares/Third_Party/FreeRTOS/Source/CMSIS_RTOS/cmsis_os.o
 .comment       0x00000043       0x44 ./Middlewares/Third_Party/FreeRTOS/Source/list.o
 .comment       0x00000043       0x44 ./Middlewares/Third_Party/FreeRTOS/Source/queue.o
 .comment       0x00000043       0x44 ./Middlewares/Third_Party/FreeRTOS/Source/tasks.o
 .comment       0x00000043       0x44 ./Middlewares/Third_Party/FreeRTOS/Source/portable/GCC/ARM_CM3/port.o
 .comment       0x00000043       0x44 ./Middlewares/Third_Party/FreeRTOS/Source/portable/MemMang/heap_4.o

.debug_frame    0x00000000     0x2f48
 .debug_frame   0x00000000       0x38 ./Core/Src/freertos.o
 .debug_frame   0x00000038      0x170 ./Core/Src/main.o
 .debug_frame   0x000001a8       0x7c ./Core/Src/stm32f1xx_hal_msp.o
 .debug_frame   0x00000224       0xc4 ./Core/Src/stm32f1xx_it.o
 .debug_frame   0x000002e8       0x58 ./Core/Src/system_stm32f1xx.o
 .debug_frame   0x00000340      0x334 ./Drivers/STM32F1xx_HAL_Driver/Src/stm32f1xx_hal.o
 .debug_frame   0x00000674      0x428 ./Drivers/STM32F1xx_HAL_Driver/Src/stm32f1xx_hal_cortex.o
 .debug_frame   0x00000a9c      0x14c ./Drivers/STM32F1xx_HAL_Driver/Src/stm32f1xx_hal_gpio.o
 .debug_frame   0x00000be8      0x218 ./Drivers/STM32F1xx_HAL_Driver/Src/stm32f1xx_hal_rcc.o
 .debug_frame   0x00000e00      0x944 ./Drivers/STM32F1xx_HAL_Driver/Src/stm32f1xx_hal_uart.o
 .debug_frame   0x00001744      0x80c ./Middlewares/Third_Party/FreeRTOS/Source/CMSIS_RTOS/cmsis_os.o
 .debug_frame   0x00001f50       0xd8 ./Middlewares/Third_Party/FreeRTOS/Source/list.o
 .debug_frame   0x00002028      0x46c ./Middlewares/Third_Party/FreeRTOS/Source/queue.o
 .debug_frame   0x00002494      0x77c ./Middlewares/Third_Party/FreeRTOS/Source/tasks.o
 .debug_frame   0x00002c10      0x198 ./Middlewares/Third_Party/FreeRTOS/Source/portable/GCC/ARM_CM3/port.o
 .debug_frame   0x00002da8      0x12c ./Middlewares/Third_Party/FreeRTOS/Source/portable/MemMang/heap_4.o
 .debug_frame   0x00002ed4       0x20 E:/semester 5/embeded/STM32CubeIDE_1.16.0/STM32CubeIDE/plugins/com.st.stm32cube.ide.mcu.externaltools.gnu-tools-for-stm32.12.3.rel1.win32_1.0.200.202406191623/tools/bin/../lib/gcc/arm-none-eabi/12.3.1/../../../../arm-none-eabi/lib/thumb/v7-m/nofp\libc_nano.a(libc_a-memset.o)
 .debug_frame   0x00002ef4       0x2c E:/semester 5/embeded/STM32CubeIDE_1.16.0/STM32CubeIDE/plugins/com.st.stm32cube.ide.mcu.externaltools.gnu-tools-for-stm32.12.3.rel1.win32_1.0.200.202406191623/tools/bin/../lib/gcc/arm-none-eabi/12.3.1/../../../../arm-none-eabi/lib/thumb/v7-m/nofp\libc_nano.a(libc_a-init.o)
 .debug_frame   0x00002f20       0x28 E:/semester 5/embeded/STM32CubeIDE_1.16.0/STM32CubeIDE/plugins/com.st.stm32cube.ide.mcu.externaltools.gnu-tools-for-stm32.12.3.rel1.win32_1.0.200.202406191623/tools/bin/../lib/gcc/arm-none-eabi/12.3.1/../../../../arm-none-eabi/lib/thumb/v7-m/nofp\libc_nano.a(libc_a-memcpy-stub.o)

.debug_line_str
                0x00000000       0x50
 .debug_line_str
                0x00000000       0x50 ./Core/Startup/startup_stm32f103c8tx.o
