Archive member included to satisfy reference by file (symbol)

E:/semester 5/embeded/STM32CubeIDE_1.16.0/STM32CubeIDE/plugins/com.st.stm32cube.ide.mcu.externaltools.gnu-tools-for-stm32.12.3.rel1.win32_1.0.200.202406191623/tools/bin/../lib/gcc/arm-none-eabi/12.3.1/../../../../arm-none-eabi/lib/thumb/v7-m/nofp\libc_nano.a(libc_a-exit.o)
                              E:/semester 5/embeded/STM32CubeIDE_1.16.0/STM32CubeIDE/plugins/com.st.stm32cube.ide.mcu.externaltools.gnu-tools-for-stm32.12.3.rel1.win32_1.0.200.202406191623/tools/bin/../lib/gcc/arm-none-eabi/12.3.1/../../../../arm-none-eabi/lib/thumb/v7-m/nofp/crt0.o (exit)
E:/semester 5/embeded/STM32CubeIDE_1.16.0/STM32CubeIDE/plugins/com.st.stm32cube.ide.mcu.externaltools.gnu-tools-for-stm32.12.3.rel1.win32_1.0.200.202406191623/tools/bin/../lib/gcc/arm-none-eabi/12.3.1/../../../../arm-none-eabi/lib/thumb/v7-m/nofp\libc_nano.a(libc_a-findfp.o)
                              E:/semester 5/embeded/STM32CubeIDE_1.16.0/STM32CubeIDE/plugins/com.st.stm32cube.ide.mcu.externaltools.gnu-tools-for-stm32.12.3.rel1.win32_1.0.200.202406191623/tools/bin/../lib/gcc/arm-none-eabi/12.3.1/../../../../arm-none-eabi/lib/thumb/v7-m/nofp\libc_nano.a(libc_a-exit.o) (__stdio_exit_handler)
E:/semester 5/embeded/STM32CubeIDE_1.16.0/STM32CubeIDE/plugins/com.st.stm32cube.ide.mcu.externaltools.gnu-tools-for-stm32.12.3.rel1.win32_1.0.200.202406191623/tools/bin/../lib/gcc/arm-none-eabi/12.3.1/../../../../arm-none-eabi/lib/thumb/v7-m/nofp\libc_nano.a(libc_a-fwalk.o)
                              E:/semester 5/embeded/STM32CubeIDE_1.16.0/STM32CubeIDE/plugins/com.st.stm32cube.ide.mcu.externaltools.gnu-tools-for-stm32.12.3.rel1.win32_1.0.200.202406191623/tools/bin/../lib/gcc/arm-none-eabi/12.3.1/../../../../arm-none-eabi/lib/thumb/v7-m/nofp\libc_nano.a(libc_a-findfp.o) (_fwalk_sglue)
E:/semester 5/embeded/STM32CubeIDE_1.16.0/STM32CubeIDE/plugins/com.st.stm32cube.ide.mcu.externaltools.gnu-tools-for-stm32.12.3.rel1.win32_1.0.200.202406191623/tools/bin/../lib/gcc/arm-none-eabi/12.3.1/../../../../arm-none-eabi/lib/thumb/v7-m/nofp\libc_nano.a(libc_a-stdio.o)
                              E:/semester 5/embeded/STM32CubeIDE_1.16.0/STM32CubeIDE/plugins/com.st.stm32cube.ide.mcu.externaltools.gnu-tools-for-stm32.12.3.rel1.win32_1.0.200.202406191623/tools/bin/../lib/gcc/arm-none-eabi/12.3.1/../../../../arm-none-eabi/lib/thumb/v7-m/nofp\libc_nano.a(libc_a-findfp.o) (__sread)
E:/semester 5/embeded/STM32CubeIDE_1.16.0/STM32CubeIDE/plugins/com.st.stm32cube.ide.mcu.externaltools.gnu-tools-for-stm32.12.3.rel1.win32_1.0.200.202406191623/tools/bin/../lib/gcc/arm-none-eabi/12.3.1/../../../../arm-none-eabi/lib/thumb/v7-m/nofp\libc_nano.a(libc_a-memset.o)
                              E:/semester 5/embeded/STM32CubeIDE_1.16.0/STM32CubeIDE/plugins/com.st.stm32cube.ide.mcu.externaltools.gnu-tools-for-stm32.12.3.rel1.win32_1.0.200.202406191623/tools/bin/../lib/gcc/arm-none-eabi/12.3.1/../../../../arm-none-eabi/lib/thumb/v7-m/nofp/crt0.o (memset)
E:/semester 5/embeded/STM32CubeIDE_1.16.0/STM32CubeIDE/plugins/com.st.stm32cube.ide.mcu.externaltools.gnu-tools-for-stm32.12.3.rel1.win32_1.0.200.202406191623/tools/bin/../lib/gcc/arm-none-eabi/12.3.1/../../../../arm-none-eabi/lib/thumb/v7-m/nofp\libc_nano.a(libc_a-closer.o)
                              E:/semester 5/embeded/STM32CubeIDE_1.16.0/STM32CubeIDE/plugins/com.st.stm32cube.ide.mcu.externaltools.gnu-tools-for-stm32.12.3.rel1.win32_1.0.200.202406191623/tools/bin/../lib/gcc/arm-none-eabi/12.3.1/../../../../arm-none-eabi/lib/thumb/v7-m/nofp\libc_nano.a(libc_a-stdio.o) (_close_r)
E:/semester 5/embeded/STM32CubeIDE_1.16.0/STM32CubeIDE/plugins/com.st.stm32cube.ide.mcu.externaltools.gnu-tools-for-stm32.12.3.rel1.win32_1.0.200.202406191623/tools/bin/../lib/gcc/arm-none-eabi/12.3.1/../../../../arm-none-eabi/lib/thumb/v7-m/nofp\libc_nano.a(libc_a-reent.o)
                              E:/semester 5/embeded/STM32CubeIDE_1.16.0/STM32CubeIDE/plugins/com.st.stm32cube.ide.mcu.externaltools.gnu-tools-for-stm32.12.3.rel1.win32_1.0.200.202406191623/tools/bin/../lib/gcc/arm-none-eabi/12.3.1/../../../../arm-none-eabi/lib/thumb/v7-m/nofp\libc_nano.a(libc_a-closer.o) (errno)
E:/semester 5/embeded/STM32CubeIDE_1.16.0/STM32CubeIDE/plugins/com.st.stm32cube.ide.mcu.externaltools.gnu-tools-for-stm32.12.3.rel1.win32_1.0.200.202406191623/tools/bin/../lib/gcc/arm-none-eabi/12.3.1/../../../../arm-none-eabi/lib/thumb/v7-m/nofp\libc_nano.a(libc_a-impure.o)
                              E:/semester 5/embeded/STM32CubeIDE_1.16.0/STM32CubeIDE/plugins/com.st.stm32cube.ide.mcu.externaltools.gnu-tools-for-stm32.12.3.rel1.win32_1.0.200.202406191623/tools/bin/../lib/gcc/arm-none-eabi/12.3.1/../../../../arm-none-eabi/lib/thumb/v7-m/nofp\libc_nano.a(libc_a-reent.o) (_impure_ptr)
[...]
Memory Configuration

Name             Origin             Length             Attributes
RAM              0x20000000         0x00005000         xrw
FLASH            0x08000000         0x00010000         xr
*default*        0x00000000         0xffffffff

Linker script and memory map

LOAD E:/semester 5/embeded/STM32CubeIDE_1.16.0/STM32CubeIDE/plugins/com.st.stm32cube.ide.mcu.externaltools.gnu-tools-for-stm32.12.3.rel1.win32_1.0.200.202406191623/tools/bin/../lib/gcc/arm-none-eabi/12.3.1/thumb/v7-m/nofp/crti.o
LOAD E:/semester 5/embeded/STM32CubeIDE_1.16.0/STM32CubeIDE/plugins/com.st.stm32cube.ide.mcu.externaltools.gnu-tools-for-stm32.12.3.rel1.win32_1.0.200.202406191623/tools/bin/../lib/gcc/arm-none-eabi/12.3.1/thumb/v7-m/nofp/crtbegin.o
LOAD E:/semester 5/embeded/STM32CubeIDE_1.16.0/STM32CubeIDE/plugins/com.st.stm32cube.ide.mcu.externaltools.gnu-tools-for-stm32.12.3.rel1.win32_1.0.200.202406191623/tools/bin/../lib/gcc/arm-none-eabi/12.3.1/../../../../arm-none-eabi/lib/thumb/v7-m/nofp/crt0.o
LOAD ./Core/Src/freertos.o
LOAD ./Core/Src/main.o
LOAD ./Core/Src/stm32f1xx_hal_msp.o
LOAD ./Core/Src/stm32f1xx_hal_timebase_tim.o
LOAD ./Core/Src/stm32f1xx_it.o
LOAD ./Core/Src/syscalls.o
LOAD ./Core/Src/sysmem.o
LOAD ./Core/Src/system_stm32f1xx.o
LOAD ./Core/Startup/startup_stm32f103c8tx.o
LOAD ./Drivers/STM32F1xx_HAL_Driver/Src/stm32f1xx_hal.o
LOAD ./Drivers/STM32F1xx_HAL_Driver/Src/stm32f1xx_hal_cortex.o
LOAD ./Drivers/STM32F1xx_HAL_Driver/Src/stm32f1xx_hal_dma.o
LOAD ./Drivers/STM32F1xx_HAL_Driver/Src/stm32f1xx_hal_exti.o
LOAD ./Drivers/STM32F1xx_HAL_Driver/Src/stm32f1xx_hal_flash.o
LOAD ./Drivers/STM32F1xx_HAL_Driver/Src/stm32f1xx_hal_flash_ex.o
LOAD ./Drivers/STM32F1xx_HAL_Driver/Src/stm32f1xx_hal_gpio.o
LOAD ./Drivers/STM32F1xx_HAL_Driver/Src/stm32f1xx_hal_gpio_ex.o
LOAD ./Drivers/STM32F1xx_HAL_Driver/Src/stm32f1xx_hal_pwr.o
LOAD ./Drivers/STM32F1xx_HAL_Driver/Src/stm32f1xx_hal_rcc.o
LOAD ./Drivers/STM32F1xx_HAL_Driver/Src/stm32f1xx_hal_rcc_ex.o
LOAD ./Drivers/STM32F1xx_HAL_Driver/Src/stm32f1xx_hal_tim.o
LOAD ./Drivers/STM32F1xx_HAL_Driver/Src/stm32f1xx_hal_tim_ex.o
LOAD ./Middlewares/Third_Party/FreeRTOS/Source/CMSIS_RTOS/cmsis_os.o
LOAD ./Middlewares/Third_Party/FreeRTOS/Source/croutine.o
LOAD ./Middlewares/Third_Party/FreeRTOS/Source/event_groups.o
LOAD ./Middlewares/Third_Party/FreeRTOS/Source/list.o
LOAD ./Middlewares/Third_Party/FreeRTOS/Source/queue.o
LOAD ./Middlewares/Third_Party/FreeRTOS/Source/stream_buffer.o
LOAD ./Middlewares/Third_Party/FreeRTOS/Source/tasks.o
LOAD ./Middlewares/Third_Party/FreeRTOS/Source/timers.o
LOAD ./Middlewares/Third_Party/FreeRTOS/Source/portable/GCC/ARM_CM3/port.o
LOAD ./Middlewares/Third_Party/FreeRTOS/Source/portable/MemMang/heap_4.o
START GROUP
LOAD E:/semester 5/embeded/STM32CubeIDE_1.16.0/STM32CubeIDE/plugins/com.st.stm32cube.ide.mcu.externaltools.gnu-tools-for-stm32.12.3.rel1.win32_1.0.200.202406191623/tools/bin/../lib/gcc/arm-none-eabi/12.3.1/../../../../arm-none-eabi/lib/thumb/v7-m/nofp\libc_nano.a
LOAD E:/semester 5/embeded/STM32CubeIDE_1.16.0/STM32CubeIDE/plugins/com.st.stm32cube.ide.mcu.externaltools.gnu-tools-for-stm32.12.3.rel1.win32_1.0.200.202406191623/tools/bin/../lib/gcc/arm-none-eabi/12.3.1/../../../../arm-none-eabi/lib/thumb/v7-m/nofp\libm.a
END GROUP
START GROUP
LOAD E:/semester 5/embeded/STM32CubeIDE_1.16.0/STM32CubeIDE/plugins/com.st.stm32cube.ide.mcu.externaltools.gnu-tools-for-stm32.12.3.rel1.win32_1.0.200.202406191623/tools/bin/../lib/gcc/arm-none-eabi/12.3.1/thumb/v7-m/nofp\libgcc.a
LOAD E:/semester 5/embeded/STM32CubeIDE_1.16.0/STM32CubeIDE/plugins/com.st.stm32cube.ide.mcu.externaltools.gnu-tools-for-stm32.12.3.rel1.win32_1.0.200.202406191623/tools/bin/../lib/gcc/arm-none-eabi/12.3.1/../../../../arm-none-eabi/lib/thumb/v7-m/nofp\libc_nano.a
END GROUP
START GROUP
LOAD E:/semester 5/embeded/STM32CubeIDE_1.16.0/STM32CubeIDE/plugins/com.st.stm32cube.ide.mcu.externaltools.gnu-tools-for-stm32.12.3.rel1.win32_1.0.200.202406191623/tools/bin/../lib/gcc/arm-none-eabi/12.3.1/thumb/v7-m/nofp\libgcc.a
LOAD E:/semester 5/embeded/STM32CubeIDE_1.16.0/STM32CubeIDE/plugins/com.st.stm32cube.ide.mcu.externaltools.gnu-tools-for-stm32.12.3.rel1.win32_1.0.200.202406191623/tools/bin/../lib/gcc/arm-none-eabi/12.3.1/../../../../arm-none-eabi/lib/thumb/v7-m/nofp\libc_nano.a
LOAD E:/semester 5/embeded/STM32CubeIDE_1.16.0/STM32CubeIDE/plugins/com.st.stm32cube.ide.mcu.externaltools.gnu-tools-for-stm32.12.3.rel1.win32_1.0.200.202406191623/tools/bin/../lib/gcc/arm-none-eabi/12.3.1/../../../../arm-none-eabi/lib/thumb/v7-m/nofp\libnosys.a
END GROUP
START GROUP
LOAD E:/semester 5/embeded/STM32CubeIDE_1.16.0/STM32CubeIDE/plugins/com.st.stm32cube.ide.mcu.externaltools.gnu-tools-for-stm32.12.3.rel1.win32_1.0.200.202406191623/tools/bin/../lib/gcc/arm-none-eabi/12.3.1/thumb/v7-m/nofp\libgcc.a
LOAD E:/semester 5/embeded/STM32CubeIDE_1.16.0/STM32CubeIDE/plugins/com.st.stm32cube.ide.mcu.externaltools.gnu-tools-for-stm32.12.3.rel1.win32_1.0.200.202406191623/tools/bin/../lib/gcc/arm-none-eabi/12.3.1/../../../../arm-none-eabi/lib/thumb/v7-m/nofp\libc_nano.a
LOAD E:/semester 5/embeded/STM32CubeIDE_1.16.0/STM32CubeIDE/plugins/com.st.stm32cube.ide.mcu.externaltools.gnu-tools-for-stm32.12.3.rel1.win32_1.0.200.202406191623/tools/bin/../lib/gcc/arm-none-eabi/12.3.1/../../../../arm-none-eabi/lib/thumb/v7-m/nofp\libnosys.a
END GROUP
LOAD E:/semester 5/embeded/STM32CubeIDE_1.16.0/STM32CubeIDE/plugins/com.st.stm32cube.ide.mcu.externaltools.gnu-tools-for-stm32.12.3.rel1.win32_1.0.200.202406191623/tools/bin/../lib/gcc/arm-none-eabi/12.3.1/thumb/v7-m/nofp/crtend.o
LOAD E:/semester 5/embeded/STM32CubeIDE_1.16.0/STM32CubeIDE/plugins/com.st.stm32cube.ide.mcu.externaltools.gnu-tools-for-stm32.12.3.rel1.win32_1.0.200.202406191623/tools/bin/../lib/gcc/arm-none-eabi/12.3.1/thumb/v7-m/nofp/crtn.o
                0x20005000                        _estack = (ORIGIN (RAM) + LENGTH (RAM))
                0x00000200                        _Min_Heap_Size = 0x200
                0x00000400                        _Min_Stack_Size = 0x400

.isr_vector     0x08000000      0x10c
                0x08000000                        . = ALIGN (0x4)
 *(.isr_vector)
 .isr_vector    0x08000000      0x10c ./Core/Startup/startup_stm32f103c8tx.o
                0x08000000                g_pfnVectors
                0x0800010c                        . = ALIGN (0x4)

.text           0x08000110     0x3f94
                0x08000110                        . = ALIGN (0x4)
 *(.text)
 .text          0x08000110       0x40 E:/semester 5/embeded/STM32CubeIDE_1.16.0/STM32CubeIDE/plugins/com.st.stm32cube.ide.mcu.externaltools.gnu-tools-for-stm32.12.3.rel1.win32_1.0.200.202406191623/tools/bin/../lib/gcc/arm-none-eabi/12.3.1/thumb/v7-m/nofp/crtbegin.o
 *(.text*)
 .text.vApplicationGetIdleTaskMemory
                0x08000150       0x30 ./Core/Src/freertos.o
                0x08000150                vApplicationGetIdleTaskMemory
 .text.main     0x08000180       0xec ./Core/Src/main.o
                0x08000180                main
 .text.SystemClock_Config
                0x0800026c       0x76 ./Core/Src/main.o
                0x0800026c                SystemClock_Config
 *fill*         0x080002e2        0x2 
 .text.MX_GPIO_Init
                0x080002e4       0x64 ./Core/Src/main.o
 .text.StartDefaultTask
                0x08000348       0x10 ./Core/Src/main.o
                0x08000348                StartDefaultTask
 .text.green_led
                0x08000358       0x58 ./Core/Src/main.o
                0x08000358                green_led
 .text.red_led  0x080003b0       0x5c ./Core/Src/main.o
                0x080003b0                red_led
 .text.accessSharedData
                0x0800040c       0x44 ./Core/Src/main.o
                0x0800040c                accessSharedData
 .text.yellow_led
                0x08000450       0x20 ./Core/Src/main.o
                0x08000450                yellow_led
 .text.HAL_TIM_PeriodElapsedCallback
                0x08000470       0x24 ./Core/Src/main.o
                0x08000470                HAL_TIM_PeriodElapsedCallback
 .text.Error_Handler
                0x08000494        0xc ./Core/Src/main.o
                0x08000494                Error_Handler
 .text.HAL_MspInit
                0x080004a0       0x70 ./Core/Src/stm32f1xx_hal_msp.o
                0x080004a0                HAL_MspInit
 .text.HAL_InitTick
                0x08000510       0xfc ./Core/Src/stm32f1xx_hal_timebase_tim.o
                0x08000510                HAL_InitTick
 .text.NMI_Handler
                0x0800060c        0x8 ./Core/Src/stm32f1xx_it.o
                0x0800060c                NMI_Handler
 .text.HardFault_Handler
                0x08000614        0x8 ./Core/Src/stm32f1xx_it.o
                0x08000614                HardFault_Handler
 .text.MemManage_Handler
                0x0800061c        0x8 ./Core/Src/stm32f1xx_it.o
                0x0800061c                MemManage_Handler
 .text.BusFault_Handler
                0x08000624        0x8 ./Core/Src/stm32f1xx_it.o
                0x08000624                BusFault_Handler
 .text.UsageFault_Handler
                0x0800062c        0x8 ./Core/Src/stm32f1xx_it.o
                0x0800062c                UsageFault_Handler
 .text.DebugMon_Handler
                0x08000634        0xc ./Core/Src/stm32f1xx_it.o
                0x08000634                DebugMon_Handler
 .text.TIM4_IRQHandler
                0x08000640       0x14 ./Core/Src/stm32f1xx_it.o
                0x08000640                TIM4_IRQHandler
 .text.SystemInit
                0x08000654        0xc ./Core/Src/system_stm32f1xx.o
                0x08000654                SystemInit
 .text.Reset_Handler
                0x08000660       0x48 ./Core/Startup/startup_stm32f103c8tx.o
                0x08000660                Reset_Handler
 .text.Default_Handler
                0x080006a8        0x2 ./Core/Startup/startup_stm32f103c8tx.o
                0x080006a8                RTC_Alarm_IRQHandler
                0x080006a8                EXTI2_IRQHandler
                0x080006a8                TIM1_CC_IRQHandler
                0x080006a8                PVD_IRQHandler
                0x080006a8                EXTI3_IRQHandler
                0x080006a8                EXTI0_IRQHandler
                0x080006a8                I2C2_EV_IRQHandler
                0x080006a8                ADC1_2_IRQHandler
                0x080006a8                SPI1_IRQHandler
                0x080006a8                TAMPER_IRQHandler
                0x080006a8                DMA1_Channel4_IRQHandler
                0x080006a8                USART3_IRQHandler
                0x080006a8                RTC_IRQHandler
                0x080006a8                DMA1_Channel7_IRQHandler
                0x080006a8                CAN1_RX1_IRQHandler
                0x080006a8                I2C1_EV_IRQHandler
                0x080006a8                DMA1_Channel6_IRQHandler
                0x080006a8                TIM3_IRQHandler
                0x080006a8                RCC_IRQHandler
                0x080006a8                TIM1_TRG_COM_IRQHandler
                0x080006a8                DMA1_Channel1_IRQHandler
                0x080006a8                Default_Handler
                0x080006a8                EXTI15_10_IRQHandler
                0x080006a8                EXTI9_5_IRQHandler
                0x080006a8                SPI2_IRQHandler
                0x080006a8                DMA1_Channel5_IRQHandler
                0x080006a8                EXTI4_IRQHandler
                0x080006a8                USB_LP_CAN1_RX0_IRQHandler
                0x080006a8                USB_HP_CAN1_TX_IRQHandler
                0x080006a8                DMA1_Channel3_IRQHandler
                0x080006a8                TIM1_UP_IRQHandler
                0x080006a8                WWDG_IRQHandler
                0x080006a8                TIM2_IRQHandler
                0x080006a8                TIM1_BRK_IRQHandler
                0x080006a8                EXTI1_IRQHandler
                0x080006a8                USART2_IRQHandler
                0x080006a8                I2C2_ER_IRQHandler
                0x080006a8                DMA1_Channel2_IRQHandler
                0x080006a8                CAN1_SCE_IRQHandler
                0x080006a8                FLASH_IRQHandler
                0x080006a8                USART1_IRQHandler
                0x080006a8                I2C1_ER_IRQHandler
                0x080006a8                USBWakeUp_IRQHandler
 *fill*         0x080006aa        0x2 
 .text.HAL_Init
                0x080006ac       0x2c ./Drivers/STM32F1xx_HAL_Driver/Src/stm32f1xx_hal.o
                0x080006ac                HAL_Init
 .text.HAL_IncTick
                0x080006d8       0x24 ./Drivers/STM32F1xx_HAL_Driver/Src/stm32f1xx_hal.o
                0x080006d8                HAL_IncTick
 .text.HAL_GetTick
                0x080006fc       0x14 ./Drivers/STM32F1xx_HAL_Driver/Src/stm32f1xx_hal.o
                0x080006fc                HAL_GetTick
 .text.HAL_Delay
                0x08000710       0x48 ./Drivers/STM32F1xx_HAL_Driver/Src/stm32f1xx_hal.o
                0x08000710                HAL_Delay
 .text.__NVIC_SetPriorityGrouping
                0x08000758       0x48 ./Drivers/STM32F1xx_HAL_Driver/Src/stm32f1xx_hal_cortex.o
 .text.__NVIC_GetPriorityGrouping
                0x080007a0       0x1c ./Drivers/STM32F1xx_HAL_Driver/Src/stm32f1xx_hal_cortex.o
 .text.__NVIC_EnableIRQ
                0x080007bc       0x38 ./Drivers/STM32F1xx_HAL_Driver/Src/stm32f1xx_hal_cortex.o
 .text.__NVIC_SetPriority
                0x080007f4       0x54 ./Drivers/STM32F1xx_HAL_Driver/Src/stm32f1xx_hal_cortex.o
 .text.NVIC_EncodePriority
                0x08000848       0x64 ./Drivers/STM32F1xx_HAL_Driver/Src/stm32f1xx_hal_cortex.o
 .text.HAL_NVIC_SetPriorityGrouping
                0x080008ac       0x16 ./Drivers/STM32F1xx_HAL_Driver/Src/stm32f1xx_hal_cortex.o
                0x080008ac                HAL_NVIC_SetPriorityGrouping
 .text.HAL_NVIC_SetPriority
                0x080008c2       0x38 ./Drivers/STM32F1xx_HAL_Driver/Src/stm32f1xx_hal_cortex.o
                0x080008c2                HAL_NVIC_SetPriority
 .text.HAL_NVIC_EnableIRQ
                0x080008fa       0x1c ./Drivers/STM32F1xx_HAL_Driver/Src/stm32f1xx_hal_cortex.o
                0x080008fa                HAL_NVIC_EnableIRQ
 *fill*         0x08000916        0x2 
 .text.HAL_GPIO_Init
                0x08000918      0x308 ./Drivers/STM32F1xx_HAL_Driver/Src/stm32f1xx_hal_gpio.o
                0x08000918                HAL_GPIO_Init
 .text.HAL_GPIO_WritePin
                0x08000c20       0x30 ./Drivers/STM32F1xx_HAL_Driver/Src/stm32f1xx_hal_gpio.o
                0x08000c20                HAL_GPIO_WritePin
 .text.HAL_GPIO_TogglePin
                0x08000c50       0x32 ./Drivers/STM32F1xx_HAL_Driver/Src/stm32f1xx_hal_gpio.o
                0x08000c50                HAL_GPIO_TogglePin
 *fill*         0x08000c82        0x2 
 .text.HAL_RCC_OscConfig
                0x08000c84      0x504 ./Drivers/STM32F1xx_HAL_Driver/Src/stm32f1xx_hal_rcc.o
                0x08000c84                HAL_RCC_OscConfig
 .text.HAL_RCC_ClockConfig
                0x08001188      0x1d4 ./Drivers/STM32F1xx_HAL_Driver/Src/stm32f1xx_hal_rcc.o
                0x08001188                HAL_RCC_ClockConfig
 .text.HAL_RCC_GetSysClockFreq
                0x0800135c       0xa8 ./Drivers/STM32F1xx_HAL_Driver/Src/stm32f1xx_hal_rcc.o
                0x0800135c                HAL_RCC_GetSysClockFreq
 .text.HAL_RCC_GetHCLKFreq
                0x08001404       0x14 ./Drivers/STM32F1xx_HAL_Driver/Src/stm32f1xx_hal_rcc.o
                0x08001404                HAL_RCC_GetHCLKFreq
 .text.HAL_RCC_GetPCLK1Freq
                0x08001418       0x28 ./Drivers/STM32F1xx_HAL_Driver/Src/stm32f1xx_hal_rcc.o
                0x08001418                HAL_RCC_GetPCLK1Freq
 .text.HAL_RCC_GetClockConfig
                0x08001440       0x60 ./Drivers/STM32F1xx_HAL_Driver/Src/stm32f1xx_hal_rcc.o
                0x08001440                HAL_RCC_GetClockConfig
 .text.RCC_Delay
                0x080014a0       0x3c ./Drivers/STM32F1xx_HAL_Driver/Src/stm32f1xx_hal_rcc.o
 .text.HAL_TIM_Base_Init
                0x080014dc       0x9e ./Drivers/STM32F1xx_HAL_Driver/Src/stm32f1xx_hal_tim.o
                0x080014dc                HAL_TIM_Base_Init
 .text.HAL_TIM_Base_MspInit
                0x0800157a       0x12 ./Drivers/STM32F1xx_HAL_Driver/Src/stm32f1xx_hal_tim.o
                0x0800157a                HAL_TIM_Base_MspInit
 .text.HAL_TIM_Base_Start_IT
                0x0800158c       0xa4 ./Drivers/STM32F1xx_HAL_Driver/Src/stm32f1xx_hal_tim.o
                0x0800158c                HAL_TIM_Base_Start_IT
 .text.HAL_TIM_IRQHandler
                0x08001630      0x1e0 ./Drivers/STM32F1xx_HAL_Driver/Src/stm32f1xx_hal_tim.o
                0x08001630                HAL_TIM_IRQHandler
 .text.HAL_TIM_OC_DelayElapsedCallback
                0x08001810       0x12 ./Drivers/STM32F1xx_HAL_Driver/Src/stm32f1xx_hal_tim.o
                0x08001810                HAL_TIM_OC_DelayElapsedCallback
 .text.HAL_TIM_IC_CaptureCallback
                0x08001822       0x12 ./Drivers/STM32F1xx_HAL_Driver/Src/stm32f1xx_hal_tim.o
                0x08001822                HAL_TIM_IC_CaptureCallback
 .text.HAL_TIM_PWM_PulseFinishedCallback
                0x08001834       0x12 ./Drivers/STM32F1xx_HAL_Driver/Src/stm32f1xx_hal_tim.o
                0x08001834                HAL_TIM_PWM_PulseFinishedCallback
 .text.HAL_TIM_TriggerCallback
                0x08001846       0x12 ./Drivers/STM32F1xx_HAL_Driver/Src/stm32f1xx_hal_tim.o
                0x08001846                HAL_TIM_TriggerCallback
 .text.TIM_Base_SetConfig
                0x08001858       0xdc ./Drivers/STM32F1xx_HAL_Driver/Src/stm32f1xx_hal_tim.o
                0x08001858                TIM_Base_SetConfig
 .text.HAL_TIMEx_CommutCallback
                0x08001934       0x12 ./Drivers/STM32F1xx_HAL_Driver/Src/stm32f1xx_hal_tim_ex.o
                0x08001934                HAL_TIMEx_CommutCallback
 .text.HAL_TIMEx_BreakCallback
                0x08001946       0x12 ./Drivers/STM32F1xx_HAL_Driver/Src/stm32f1xx_hal_tim_ex.o
                0x08001946                HAL_TIMEx_BreakCallback
 .text.makeFreeRtosPriority
                0x08001958       0x2e ./Middlewares/Third_Party/FreeRTOS/Source/CMSIS_RTOS/cmsis_os.o
 .text.inHandlerMode
                0x08001986       0x22 ./Middlewares/Third_Party/FreeRTOS/Source/CMSIS_RTOS/cmsis_os.o
 .text.osKernelStart
                0x080019a8        0xe ./Middlewares/Third_Party/FreeRTOS/Source/CMSIS_RTOS/cmsis_os.o
                0x080019a8                osKernelStart
 .text.osThreadCreate
                0x080019b6       0x98 ./Middlewares/Third_Party/FreeRTOS/Source/CMSIS_RTOS/cmsis_os.o
                0x080019b6                osThreadCreate
 .text.osDelay  0x08001a4e       0x28 ./Middlewares/Third_Party/FreeRTOS/Source/CMSIS_RTOS/cmsis_os.o
                0x08001a4e                osDelay
 .text.osSemaphoreCreate
                0x08001a76       0x64 ./Middlewares/Third_Party/FreeRTOS/Source/CMSIS_RTOS/cmsis_os.o
                0x08001a76                osSemaphoreCreate
 *fill*         0x08001ada        0x2 
 .text.osSemaphoreWait
                0x08001adc       0x9c ./Middlewares/Third_Party/FreeRTOS/Source/CMSIS_RTOS/cmsis_os.o
                0x08001adc                osSemaphoreWait
 .text.osSemaphoreRelease
                0x08001b78       0x6c ./Middlewares/Third_Party/FreeRTOS/Source/CMSIS_RTOS/cmsis_os.o
                0x08001b78                osSemaphoreRelease
 .text.vListInitialise
                0x08001be4       0x3e ./Middlewares/Third_Party/FreeRTOS/Source/list.o
                0x08001be4                vListInitialise
 .text.vListInitialiseItem
                0x08001c22       0x18 ./Middlewares/Third_Party/FreeRTOS/Source/list.o
                0x08001c22                vListInitialiseItem
 .text.vListInsertEnd
                0x08001c3a       0x46 ./Middlewares/Third_Party/FreeRTOS/Source/list.o
                0x08001c3a                vListInsertEnd
 .text.vListInsert
                0x08001c80       0x70 ./Middlewares/Third_Party/FreeRTOS/Source/list.o
                0x08001c80                vListInsert
 .text.uxListRemove
                0x08001cf0       0x52 ./Middlewares/Third_Party/FreeRTOS/Source/list.o
                0x08001cf0                uxListRemove
 *fill*         0x08001d42        0x2 
 .text.xQueueGenericReset
                0x08001d44       0xd4 ./Middlewares/Third_Party/FreeRTOS/Source/queue.o
                0x08001d44                xQueueGenericReset
 .text.xQueueGenericCreateStatic
                0x08001e18       0xfa ./Middlewares/Third_Party/FreeRTOS/Source/queue.o
                0x08001e18                xQueueGenericCreateStatic
 .text.xQueueGenericCreate
                0x08001f12       0x76 ./Middlewares/Third_Party/FreeRTOS/Source/queue.o
                0x08001f12                xQueueGenericCreate
 .text.prvInitialiseNewQueue
                0x08001f88       0x3e ./Middlewares/Third_Party/FreeRTOS/Source/queue.o
 *fill*         0x08001fc6        0x2 
 .text.xQueueGenericSend
                0x08001fc8      0x204 ./Middlewares/Third_Party/FreeRTOS/Source/queue.o
                0x08001fc8                xQueueGenericSend
 .text.xQueueGiveFromISR
                0x080021cc      0x120 ./Middlewares/Third_Party/FreeRTOS/Source/queue.o
                0x080021cc                xQueueGiveFromISR
 .text.xQueueSemaphoreTake
                0x080022ec      0x220 ./Middlewares/Third_Party/FreeRTOS/Source/queue.o
                0x080022ec                xQueueSemaphoreTake
 .text.xQueueReceiveFromISR
                0x0800250c      0x104 ./Middlewares/Third_Party/FreeRTOS/Source/queue.o
                0x0800250c                xQueueReceiveFromISR
 .text.prvGetDisinheritPriorityAfterTimeout
                0x08002610       0x2e ./Middlewares/Third_Party/FreeRTOS/Source/queue.o
 .text.prvCopyDataToQueue
                0x0800263e       0xd4 ./Middlewares/Third_Party/FreeRTOS/Source/queue.o
 .text.prvCopyDataFromQueue
                0x08002712       0x4c ./Middlewares/Third_Party/FreeRTOS/Source/queue.o
 .text.prvUnlockQueue
                0x0800275e       0xa4 ./Middlewares/Third_Party/FreeRTOS/Source/queue.o
 .text.prvIsQueueEmpty
                0x08002802       0x2c ./Middlewares/Third_Party/FreeRTOS/Source/queue.o
 .text.prvIsQueueFull
                0x0800282e       0x30 ./Middlewares/Third_Party/FreeRTOS/Source/queue.o
 .text.xTaskCreateStatic
                0x0800285e       0xc0 ./Middlewares/Third_Party/FreeRTOS/Source/tasks.o
                0x0800285e                xTaskCreateStatic
 .text.xTaskCreate
                0x0800291e       0x8a ./Middlewares/Third_Party/FreeRTOS/Source/tasks.o
                0x0800291e                xTaskCreate
 .text.prvInitialiseNewTask
                0x080029a8      0x110 ./Middlewares/Third_Party/FreeRTOS/Source/tasks.o
 .text.prvAddNewTaskToReadyList
                0x08002ab8       0xd4 ./Middlewares/Third_Party/FreeRTOS/Source/tasks.o
 .text.vTaskDelay
                0x08002b8c       0x6c ./Middlewares/Third_Party/FreeRTOS/Source/tasks.o
                0x08002b8c                vTaskDelay
 .text.vTaskStartScheduler
                0x08002bf8       0xc4 ./Middlewares/Third_Party/FreeRTOS/Source/tasks.o
                0x08002bf8                vTaskStartScheduler
 .text.vTaskSuspendAll
                0x08002cbc       0x1c ./Middlewares/Third_Party/FreeRTOS/Source/tasks.o
                0x08002cbc                vTaskSuspendAll
 .text.xTaskResumeAll
                0x08002cd8      0x13c ./Middlewares/Third_Party/FreeRTOS/Source/tasks.o
                0x08002cd8                xTaskResumeAll
 .text.xTaskIncrementTick
                0x08002e14      0x174 ./Middlewares/Third_Party/FreeRTOS/Source/tasks.o
                0x08002e14                xTaskIncrementTick
 .text.vTaskSwitchContext
                0x08002f88       0xb8 ./Middlewares/Third_Party/FreeRTOS/Source/tasks.o
                0x08002f88                vTaskSwitchContext
 .text.vTaskPlaceOnEventList
                0x08003040       0x4c ./Middlewares/Third_Party/FreeRTOS/Source/tasks.o
                0x08003040                vTaskPlaceOnEventList
 .text.xTaskRemoveFromEventList
                0x0800308c       0xc8 ./Middlewares/Third_Party/FreeRTOS/Source/tasks.o
                0x0800308c                xTaskRemoveFromEventList
 .text.vTaskInternalSetTimeOutState
                0x08003154       0x2c ./Middlewares/Third_Party/FreeRTOS/Source/tasks.o
                0x08003154                vTaskInternalSetTimeOutState
 .text.xTaskCheckForTimeOut
                0x08003180       0xc8 ./Middlewares/Third_Party/FreeRTOS/Source/tasks.o
                0x08003180                xTaskCheckForTimeOut
 .text.vTaskMissedYield
                0x08003248       0x18 ./Middlewares/Third_Party/FreeRTOS/Source/tasks.o
                0x08003248                vTaskMissedYield
 .text.prvIdleTask
                0x08003260       0x30 ./Middlewares/Third_Party/FreeRTOS/Source/tasks.o
 .text.prvInitialiseTaskLists
                0x08003290       0x80 ./Middlewares/Third_Party/FreeRTOS/Source/tasks.o
 .text.prvCheckTasksWaitingTermination
                0x08003310       0x5c ./Middlewares/Third_Party/FreeRTOS/Source/tasks.o
 .text.prvDeleteTCB
                0x0800336c       0x60 ./Middlewares/Third_Party/FreeRTOS/Source/tasks.o
 .text.prvResetNextTaskUnblockTime
                0x080033cc       0x40 ./Middlewares/Third_Party/FreeRTOS/Source/tasks.o
 .text.xTaskGetSchedulerState
                0x0800340c       0x3c ./Middlewares/Third_Party/FreeRTOS/Source/tasks.o
                0x0800340c                xTaskGetSchedulerState
 .text.xTaskPriorityInherit
                0x08003448       0xec ./Middlewares/Third_Party/FreeRTOS/Source/tasks.o
                0x08003448                xTaskPriorityInherit
 .text.xTaskPriorityDisinherit
                0x08003534      0x110 ./Middlewares/Third_Party/FreeRTOS/Source/tasks.o
                0x08003534                xTaskPriorityDisinherit
 .text.vTaskPriorityDisinheritAfterTimeout
                0x08003644      0x120 ./Middlewares/Third_Party/FreeRTOS/Source/tasks.o
                0x08003644                vTaskPriorityDisinheritAfterTimeout
 .text.pvTaskIncrementMutexHeldCount
                0x08003764       0x28 ./Middlewares/Third_Party/FreeRTOS/Source/tasks.o
                0x08003764                pvTaskIncrementMutexHeldCount
 .text.prvAddCurrentTaskToDelayedList
                0x0800378c       0xcc ./Middlewares/Third_Party/FreeRTOS/Source/tasks.o
 .text.pxPortInitialiseStack
                0x08003858       0x58 ./Middlewares/Third_Party/FreeRTOS/Source/portable/GCC/ARM_CM3/port.o
                0x08003858                pxPortInitialiseStack
 .text.prvTaskExitError
                0x080038b0       0x58 ./Middlewares/Third_Party/FreeRTOS/Source/portable/GCC/ARM_CM3/port.o
 *fill*         0x08003908        0x8 
 .text.SVC_Handler
                0x08003910       0x28 ./Middlewares/Third_Party/FreeRTOS/Source/portable/GCC/ARM_CM3/port.o
                0x08003910                SVC_Handler
 .text.prvPortStartFirstTask
                0x08003938       0x20 ./Middlewares/Third_Party/FreeRTOS/Source/portable/GCC/ARM_CM3/port.o
 .text.xPortStartScheduler
                0x08003958       0xe4 ./Middlewares/Third_Party/FreeRTOS/Source/portable/GCC/ARM_CM3/port.o
                0x08003958                xPortStartScheduler
 .text.vPortEnterCritical
                0x08003a3c       0x60 ./Middlewares/Third_Party/FreeRTOS/Source/portable/GCC/ARM_CM3/port.o
                0x08003a3c                vPortEnterCritical
 .text.vPortExitCritical
                0x08003a9c       0x54 ./Middlewares/Third_Party/FreeRTOS/Source/portable/GCC/ARM_CM3/port.o
                0x08003a9c                vPortExitCritical
 .text.PendSV_Handler
                0x08003af0       0x48 ./Middlewares/Third_Party/FreeRTOS/Source/portable/GCC/ARM_CM3/port.o
                0x08003af0                PendSV_Handler
 .text.SysTick_Handler
                0x08003b38       0x44 ./Middlewares/Third_Party/FreeRTOS/Source/portable/GCC/ARM_CM3/port.o
                0x08003b38                SysTick_Handler
 .text.vPortSetupTimerInterrupt
                0x08003b7c       0x44 ./Middlewares/Third_Party/FreeRTOS/Source/portable/GCC/ARM_CM3/port.o
                0x08003b7c                vPortSetupTimerInterrupt
 .text.vPortValidateInterruptPriority
                0x08003bc0       0x80 ./Middlewares/Third_Party/FreeRTOS/Source/portable/GCC/ARM_CM3/port.o
                0x08003bc0                vPortValidateInterruptPriority
 .text.pvPortMalloc
                0x08003c40      0x19c ./Middlewares/Third_Party/FreeRTOS/Source/portable/MemMang/heap_4.o
                0x08003c40                pvPortMalloc
 .text.vPortFree
                0x08003ddc       0xc8 ./Middlewares/Third_Party/FreeRTOS/Source/portable/MemMang/heap_4.o
                0x08003ddc                vPortFree
 .text.prvHeapInit
                0x08003ea4       0xc4 ./Middlewares/Third_Party/FreeRTOS/Source/portable/MemMang/heap_4.o
 .text.prvInsertBlockIntoFreeList
                0x08003f68       0xb0 ./Middlewares/Third_Party/FreeRTOS/Source/portable/MemMang/heap_4.o
 .text.memset   0x08004018       0x10 E:/semester 5/embeded/STM32CubeIDE_1.16.0/STM32CubeIDE/plugins/com.st.stm32cube.ide.mcu.externaltools.gnu-tools-for-stm32.12.3.rel1.win32_1.0.200.202406191623/tools/bin/../lib/gcc/arm-none-eabi/12.3.1/../../../../arm-none-eabi/lib/thumb/v7-m/nofp\libc_nano.a(libc_a-memset.o)
                0x08004018                memset
 .text.__libc_init_array
                0x08004028       0x48 E:/semester 5/embeded/STM32CubeIDE_1.16.0/STM32CubeIDE/plugins/com.st.stm32cube.ide.mcu.externaltools.gnu-tools-for-stm32.12.3.rel1.win32_1.0.200.202406191623/tools/bin/../lib/gcc/arm-none-eabi/12.3.1/../../../../arm-none-eabi/lib/thumb/v7-m/nofp\libc_nano.a(libc_a-init.o)
                0x08004028                __libc_init_array
 .text.memcpy   0x08004070       0x1c E:/semester 5/embeded/STM32CubeIDE_1.16.0/STM32CubeIDE/plugins/com.st.stm32cube.ide.mcu.externaltools.gnu-tools-for-stm32.12.3.rel1.win32_1.0.200.202406191623/tools/bin/../lib/gcc/arm-none-eabi/12.3.1/../../../../arm-none-eabi/lib/thumb/v7-m/nofp\libc_nano.a(libc_a-memcpy-stub.o)
                0x08004070                memcpy
 *(.glue_7)
 .glue_7        0x0800408c        0x0 linker stubs
 *(.glue_7t)
 .glue_7t       0x0800408c        0x0 linker stubs
 *(.eh_frame)
 .eh_frame      0x0800408c        0x0 E:/semester 5/embeded/STM32CubeIDE_1.16.0/STM32CubeIDE/plugins/com.st.stm32cube.ide.mcu.externaltools.gnu-tools-for-stm32.12.3.rel1.win32_1.0.200.202406191623/tools/bin/../lib/gcc/arm-none-eabi/12.3.1/thumb/v7-m/nofp/crtbegin.o
 *(.init)
 .init          0x0800408c        0x4 E:/semester 5/embeded/STM32CubeIDE_1.16.0/STM32CubeIDE/plugins/com.st.stm32cube.ide.mcu.externaltools.gnu-tools-for-stm32.12.3.rel1.win32_1.0.200.202406191623/tools/bin/../lib/gcc/arm-none-eabi/12.3.1/thumb/v7-m/nofp/crti.o
                0x0800408c                _init
 .init          0x08004090        0x8 E:/semester 5/embeded/STM32CubeIDE_1.16.0/STM32CubeIDE/plugins/com.st.stm32cube.ide.mcu.externaltools.gnu-tools-for-stm32.12.3.rel1.win32_1.0.200.202406191623/tools/bin/../lib/gcc/arm-none-eabi/12.3.1/thumb/v7-m/nofp/crtn.o
 *(.fini)
 .fini          0x08004098        0x4 E:/semester 5/embeded/STM32CubeIDE_1.16.0/STM32CubeIDE/plugins/com.st.stm32cube.ide.mcu.externaltools.gnu-tools-for-stm32.12.3.rel1.win32_1.0.200.202406191623/tools/bin/../lib/gcc/arm-none-eabi/12.3.1/thumb/v7-m/nofp/crti.o
                0x08004098                _fini
 .fini          0x0800409c        0x8 E:/semester 5/embeded/STM32CubeIDE_1.16.0/STM32CubeIDE/plugins/com.st.stm32cube.ide.mcu.externaltools.gnu-tools-for-stm32.12.3.rel1.win32_1.0.200.202406191623/tools/bin/../lib/gcc/arm-none-eabi/12.3.1/thumb/v7-m/nofp/crtn.o
                0x080040a4                        . = ALIGN (0x4)
                0x080040a4                        _etext = .

.vfp11_veneer   0x080040a4        0x0
 .vfp11_veneer  0x080040a4        0x0 linker stubs

.v4_bx          0x080040a4        0x0
 .v4_bx         0x080040a4        0x0 linker stubs

.iplt           0x080040a4        0x0
 .iplt          0x080040a4        0x0 E:/semester 5/embeded/STM32CubeIDE_1.16.0/STM32CubeIDE/plugins/com.st.stm32cube.ide.mcu.externaltools.gnu-tools-for-stm32.12.3.rel1.win32_1.0.200.202406191623/tools/bin/../lib/gcc/arm-none-eabi/12.3.1/thumb/v7-m/nofp/crtbegin.o

.rodata         0x080040a4       0xdc
                0x080040a4                        . = ALIGN (0x4)
 *(.rodata)
 .rodata        0x080040a4       0xa8 ./Core/Src/main.o
 .rodata        0x0800414c        0x5 ./Middlewares/Third_Party/FreeRTOS/Source/tasks.o
 *(.rodata*)
 *fill*         0x08004151        0x3 
 .rodata.AHBPrescTable
                0x08004154       0x10 ./Core/Src/system_stm32f1xx.o
                0x08004154                AHBPrescTable
 .rodata.APBPrescTable
                0x08004164        0x8 ./Core/Src/system_stm32f1xx.o
                0x08004164                APBPrescTable
 .rodata.aPLLMULFactorTable.1
                0x0800416c       0x10 ./Drivers/STM32F1xx_HAL_Driver/Src/stm32f1xx_hal_rcc.o
 .rodata.aPredivFactorTable.0
                0x0800417c        0x2 ./Drivers/STM32F1xx_HAL_Driver/Src/stm32f1xx_hal_rcc.o
                0x08004180                        . = ALIGN (0x4)
 *fill*         0x0800417e        0x2 

.ARM.extab      0x08004180        0x0
                0x08004180                        . = ALIGN (0x4)
 *(.ARM.extab* .gnu.linkonce.armextab.*)
                0x08004180                        . = ALIGN (0x4)

.ARM            0x08004180        0x0
                0x08004180                        . = ALIGN (0x4)
                0x08004180                        __exidx_start = .
 *(.ARM.exidx*)
                0x08004180                        __exidx_end = .
                0x08004180                        . = ALIGN (0x4)

.preinit_array  0x08004180        0x0
                0x08004180                        . = ALIGN (0x4)
                0x08004180                        PROVIDE (__preinit_array_start = .)
 *(.preinit_array*)
                0x08004180                        PROVIDE (__preinit_array_end = .)
                0x08004180                        . = ALIGN (0x4)

.init_array     0x08004180        0x4
                0x08004180                        . = ALIGN (0x4)
                0x08004180                        PROVIDE (__init_array_start = .)
 *(SORT_BY_NAME(.init_array.*))
 *(.init_array*)
 .init_array    0x08004180        0x4 E:/semester 5/embeded/STM32CubeIDE_1.16.0/STM32CubeIDE/plugins/com.st.stm32cube.ide.mcu.externaltools.gnu-tools-for-stm32.12.3.rel1.win32_1.0.200.202406191623/tools/bin/../lib/gcc/arm-none-eabi/12.3.1/thumb/v7-m/nofp/crtbegin.o
                0x08004184                        PROVIDE (__init_array_end = .)
                0x08004184                        . = ALIGN (0x4)

.fini_array     0x08004184        0x4
                0x08004184                        . = ALIGN (0x4)
                [!provide]                        PROVIDE (__fini_array_start = .)
 *(SORT_BY_NAME(.fini_array.*))
 *(.fini_array*)
 .fini_array    0x08004184        0x4 E:/semester 5/embeded/STM32CubeIDE_1.16.0/STM32CubeIDE/plugins/com.st.stm32cube.ide.mcu.externaltools.gnu-tools-for-stm32.12.3.rel1.win32_1.0.200.202406191623/tools/bin/../lib/gcc/arm-none-eabi/12.3.1/thumb/v7-m/nofp/crtbegin.o
                [!provide]                        PROVIDE (__fini_array_end = .)
                0x08004188                        . = ALIGN (0x4)
                0x08004188                        _sidata = LOADADDR (.data)

.rel.dyn        0x08004188        0x0
 .rel.iplt      0x08004188        0x0 E:/semester 5/embeded/STM32CubeIDE_1.16.0/STM32CubeIDE/plugins/com.st.stm32cube.ide.mcu.externaltools.gnu-tools-for-stm32.12.3.rel1.win32_1.0.200.202406191623/tools/bin/../lib/gcc/arm-none-eabi/12.3.1/thumb/v7-m/nofp/crtbegin.o

.data           0x20000000       0x14 load address 0x08004188
                0x20000000                        . = ALIGN (0x4)
                0x20000000                        _sdata = .
 *(.data)
 *(.data*)
 .data.startFlag
                0x20000000        0x1 ./Core/Src/main.o
                0x20000000                startFlag
 *fill*         0x20000001        0x3 
 .data.SystemCoreClock
                0x20000004        0x4 ./Core/Src/system_stm32f1xx.o
                0x20000004                SystemCoreClock
 .data.uwTickPrio
                0x20000008        0x4 ./Drivers/STM32F1xx_HAL_Driver/Src/stm32f1xx_hal.o
                0x20000008                uwTickPrio
 .data.uwTickFreq
                0x2000000c        0x1 ./Drivers/STM32F1xx_HAL_Driver/Src/stm32f1xx_hal.o
                0x2000000c                uwTickFreq
 *fill*         0x2000000d        0x3 
 .data.uxCriticalNesting
                0x20000010        0x4 ./Middlewares/Third_Party/FreeRTOS/Source/portable/GCC/ARM_CM3/port.o
 *(.RamFunc)
 *(.RamFunc*)
                0x20000014                        . = ALIGN (0x4)
                0x20000014                        _edata = .

.igot.plt       0x20000014        0x0 load address 0x0800419c
 .igot.plt      0x20000014        0x0 E:/semester 5/embeded/STM32CubeIDE_1.16.0/STM32CubeIDE/plugins/com.st.stm32cube.ide.mcu.externaltools.gnu-tools-for-stm32.12.3.rel1.win32_1.0.200.202406191623/tools/bin/../lib/gcc/arm-none-eabi/12.3.1/thumb/v7-m/nofp/crtbegin.o
                0x20000014                        . = ALIGN (0x4)

.bss            0x20000014     0x1028 load address 0x0800419c
                0x20000014                        _sbss = .
                0x20000014                        __bss_start__ = _sbss
 *(.bss)
 .bss           0x20000014       0x1c E:/semester 5/embeded/STM32CubeIDE_1.16.0/STM32CubeIDE/plugins/com.st.stm32cube.ide.mcu.externaltools.gnu-tools-for-stm32.12.3.rel1.win32_1.0.200.202406191623/tools/bin/../lib/gcc/arm-none-eabi/12.3.1/thumb/v7-m/nofp/crtbegin.o
 *(.bss*)
 .bss.xIdleTaskTCBBuffer
                0x20000030       0x54 ./Core/Src/freertos.o
 .bss.xIdleStack
                0x20000084      0x200 ./Core/Src/freertos.o
 .bss.defaultTaskHandle
                0x20000284        0x4 ./Core/Src/main.o
                0x20000284                defaultTaskHandle
 .bss.GreenLEDTaskHandle
                0x20000288        0x4 ./Core/Src/main.o
                0x20000288                GreenLEDTaskHandle
 .bss.RedLEDTaskHandle
                0x2000028c        0x4 ./Core/Src/main.o
                0x2000028c                RedLEDTaskHandle
 .bss.YellowLEDTaskHandle
                0x20000290        0x4 ./Core/Src/main.o
                0x20000290                YellowLEDTaskHandle
 .bss.CriticalResourceSemaphoreHandle
                0x20000294        0x4 ./Core/Src/main.o
                0x20000294                CriticalResourceSemaphoreHandle
 .bss.WaitTimeMilliseconds
                0x20000298        0x2 ./Core/Src/main.o
                0x20000298                WaitTimeMilliseconds
 *fill*         0x2000029a        0x2 
 .bss.htim4     0x2000029c       0x48 ./Core/Src/stm32f1xx_hal_timebase_tim.o
                0x2000029c                htim4
 .bss.uwTick    0x200002e4        0x4 ./Drivers/STM32F1xx_HAL_Driver/Src/stm32f1xx_hal.o
                0x200002e4                uwTick
 .bss.pxCurrentTCB
                0x200002e8        0x4 ./Middlewares/Third_Party/FreeRTOS/Source/tasks.o
                0x200002e8                pxCurrentTCB
 .bss.pxReadyTasksLists
                0x200002ec       0x8c ./Middlewares/Third_Party/FreeRTOS/Source/tasks.o
 .bss.xDelayedTaskList1
                0x20000378       0x14 ./Middlewares/Third_Party/FreeRTOS/Source/tasks.o
 .bss.xDelayedTaskList2
                0x2000038c       0x14 ./Middlewares/Third_Party/FreeRTOS/Source/tasks.o
 .bss.pxDelayedTaskList
                0x200003a0        0x4 ./Middlewares/Third_Party/FreeRTOS/Source/tasks.o
 .bss.pxOverflowDelayedTaskList
                0x200003a4        0x4 ./Middlewares/Third_Party/FreeRTOS/Source/tasks.o
 .bss.xPendingReadyList
                0x200003a8       0x14 ./Middlewares/Third_Party/FreeRTOS/Source/tasks.o
 .bss.xTasksWaitingTermination
                0x200003bc       0x14 ./Middlewares/Third_Party/FreeRTOS/Source/tasks.o
 .bss.uxDeletedTasksWaitingCleanUp
                0x200003d0        0x4 ./Middlewares/Third_Party/FreeRTOS/Source/tasks.o
 .bss.xSuspendedTaskList
                0x200003d4       0x14 ./Middlewares/Third_Party/FreeRTOS/Source/tasks.o
 .bss.uxCurrentNumberOfTasks
                0x200003e8        0x4 ./Middlewares/Third_Party/FreeRTOS/Source/tasks.o
 .bss.xTickCount
                0x200003ec        0x4 ./Middlewares/Third_Party/FreeRTOS/Source/tasks.o
 .bss.uxTopReadyPriority
                0x200003f0        0x4 ./Middlewares/Third_Party/FreeRTOS/Source/tasks.o
 .bss.xSchedulerRunning
                0x200003f4        0x4 ./Middlewares/Third_Party/FreeRTOS/Source/tasks.o
 .bss.xPendedTicks
                0x200003f8        0x4 ./Middlewares/Third_Party/FreeRTOS/Source/tasks.o
 .bss.xYieldPending
                0x200003fc        0x4 ./Middlewares/Third_Party/FreeRTOS/Source/tasks.o
 .bss.xNumOfOverflows
                0x20000400        0x4 ./Middlewares/Third_Party/FreeRTOS/Source/tasks.o
 .bss.uxTaskNumber
                0x20000404        0x4 ./Middlewares/Third_Party/FreeRTOS/Source/tasks.o
 .bss.xNextTaskUnblockTime
                0x20000408        0x4 ./Middlewares/Third_Party/FreeRTOS/Source/tasks.o
 .bss.xIdleTaskHandle
                0x2000040c        0x4 ./Middlewares/Third_Party/FreeRTOS/Source/tasks.o
 .bss.uxSchedulerSuspended
                0x20000410        0x4 ./Middlewares/Third_Party/FreeRTOS/Source/tasks.o
 .bss.ucMaxSysCallPriority
                0x20000414        0x1 ./Middlewares/Third_Party/FreeRTOS/Source/portable/GCC/ARM_CM3/port.o
 *fill*         0x20000415        0x3 
 .bss.ulMaxPRIGROUPValue
                0x20000418        0x4 ./Middlewares/Third_Party/FreeRTOS/Source/portable/GCC/ARM_CM3/port.o
 .bss.ucHeap    0x2000041c      0xc00 ./Middlewares/Third_Party/FreeRTOS/Source/portable/MemMang/heap_4.o
 .bss.xStart    0x2000101c        0x8 ./Middlewares/Third_Party/FreeRTOS/Source/portable/MemMang/heap_4.o
 .bss.pxEnd     0x20001024        0x4 ./Middlewares/Third_Party/FreeRTOS/Source/portable/MemMang/heap_4.o
 .bss.xFreeBytesRemaining
                0x20001028        0x4 ./Middlewares/Third_Party/FreeRTOS/Source/portable/MemMang/heap_4.o
 .bss.xMinimumEverFreeBytesRemaining
                0x2000102c        0x4 ./Middlewares/Third_Party/FreeRTOS/Source/portable/MemMang/heap_4.o
 .bss.xNumberOfSuccessfulAllocations
                0x20001030        0x4 ./Middlewares/Third_Party/FreeRTOS/Source/portable/MemMang/heap_4.o
 .bss.xNumberOfSuccessfulFrees
                0x20001034        0x4 ./Middlewares/Third_Party/FreeRTOS/Source/portable/MemMang/heap_4.o
 .bss.xBlockAllocatedBit
                0x20001038        0x4 ./Middlewares/Third_Party/FreeRTOS/Source/portable/MemMang/heap_4.o
 *(COMMON)
                0x2000103c                        . = ALIGN (0x4)
                0x2000103c                        _ebss = .
                0x2000103c                        __bss_end__ = _ebss

._user_heap_stack
                0x2000103c      0x604 load address 0x0800419c
                0x20001040                        . = ALIGN (0x8)
 *fill*         0x2000103c        0x4 
                [!provide]                        PROVIDE (end = .)
                0x20001040                        PROVIDE (_end = .)
                0x20001240                        . = (. + _Min_Heap_Size)
 *fill*         0x20001040      0x200 
                0x20001640                        . = (. + _Min_Stack_Size)
 *fill*         0x20001240      0x400 
                0x20001640                        . = ALIGN (0x8)

/DISCARD/
 libc.a(*)
 libm.a(*)
 libgcc.a(*)

.ARM.attributes
                0x00000000       0x29
 *(.ARM.attributes)
 .ARM.attributes
                0x00000000       0x1d E:/semester 5/embeded/STM32CubeIDE_1.16.0/STM32CubeIDE/plugins/com.st.stm32cube.ide.mcu.externaltools.gnu-tools-for-stm32.12.3.rel1.win32_1.0.200.202406191623/tools/bin/../lib/gcc/arm-none-eabi/12.3.1/thumb/v7-m/nofp/crti.o
 .ARM.attributes
                0x0000001d       0x2d E:/semester 5/embeded/STM32CubeIDE_1.16.0/STM32CubeIDE/plugins/com.st.stm32cube.ide.mcu.externaltools.gnu-tools-for-stm32.12.3.rel1.win32_1.0.200.202406191623/tools/bin/../lib/gcc/arm-none-eabi/12.3.1/thumb/v7-m/nofp/crtbegin.o
 .ARM.attributes
                0x0000004a       0x2d ./Core/Src/freertos.o
 .ARM.attributes
                0x00000077       0x2d ./Core/Src/main.o
 .ARM.attributes
                0x000000a4       0x2d ./Core/Src/stm32f1xx_hal_msp.o
 .ARM.attributes
                0x000000d1       0x2d ./Core/Src/stm32f1xx_hal_timebase_tim.o
 .ARM.attributes
                0x000000fe       0x2d ./Core/Src/stm32f1xx_it.o
 .ARM.attributes
                0x0000012b       0x2d ./Core/Src/system_stm32f1xx.o
 .ARM.attributes
                0x00000158       0x21 ./Core/Startup/startup_stm32f103c8tx.o
 .ARM.attributes
                0x00000179       0x2d ./Drivers/STM32F1xx_HAL_Driver/Src/stm32f1xx_hal.o
 .ARM.attributes
                0x000001a6       0x2d ./Drivers/STM32F1xx_HAL_Driver/Src/stm32f1xx_hal_cortex.o
 .ARM.attributes
                0x000001d3       0x2d ./Drivers/STM32F1xx_HAL_Driver/Src/stm32f1xx_hal_gpio.o
 .ARM.attributes
                0x00000200       0x2d ./Drivers/STM32F1xx_HAL_Driver/Src/stm32f1xx_hal_rcc.o
 .ARM.attributes
                0x0000022d       0x2d ./Drivers/STM32F1xx_HAL_Driver/Src/stm32f1xx_hal_tim.o
 .ARM.attributes
                0x0000025a       0x2d ./Drivers/STM32F1xx_HAL_Driver/Src/stm32f1xx_hal_tim_ex.o
 .ARM.attributes
                0x00000287       0x2d ./Middlewares/Third_Party/FreeRTOS/Source/CMSIS_RTOS/cmsis_os.o
 .ARM.attributes
                0x000002b4       0x2d ./Middlewares/Third_Party/FreeRTOS/Source/list.o
 .ARM.attributes
                0x000002e1       0x2d ./Middlewares/Third_Party/FreeRTOS/Source/queue.o
 .ARM.attributes
                0x0000030e       0x2d ./Middlewares/Third_Party/FreeRTOS/Source/tasks.o
 .ARM.attributes
                0x0000033b       0x2d ./Middlewares/Third_Party/FreeRTOS/Source/portable/GCC/ARM_CM3/port.o
 .ARM.attributes
                0x00000368       0x2d ./Middlewares/Third_Party/FreeRTOS/Source/portable/MemMang/heap_4.o
 .ARM.attributes
                0x00000395       0x2d E:/semester 5/embeded/STM32CubeIDE_1.16.0/STM32CubeIDE/plugins/com.st.stm32cube.ide.mcu.externaltools.gnu-tools-for-stm32.12.3.rel1.win32_1.0.200.202406191623/tools/bin/../lib/gcc/arm-none-eabi/12.3.1/../../../../arm-none-eabi/lib/thumb/v7-m/nofp\libc_nano.a(libc_a-memset.o)
 .ARM.attributes
                0x000003c2       0x2d E:/semester 5/embeded/STM32CubeIDE_1.16.0/STM32CubeIDE/plugins/com.st.stm32cube.ide.mcu.externaltools.gnu-tools-for-stm32.12.3.rel1.win32_1.0.200.202406191623/tools/bin/../lib/gcc/arm-none-eabi/12.3.1/../../../../arm-none-eabi/lib/thumb/v7-m/nofp\libc_nano.a(libc_a-init.o)
 .ARM.attributes
                0x000003ef       0x2d E:/semester 5/embeded/STM32CubeIDE_1.16.0/STM32CubeIDE/plugins/com.st.stm32cube.ide.mcu.externaltools.gnu-tools-for-stm32.12.3.rel1.win32_1.0.200.202406191623/tools/bin/../lib/gcc/arm-none-eabi/12.3.1/../../../../arm-none-eabi/lib/thumb/v7-m/nofp\libc_nano.a(libc_a-memcpy-stub.o)
 .ARM.attributes
                0x0000041c       0x1d E:/semester 5/embeded/STM32CubeIDE_1.16.0/STM32CubeIDE/plugins/com.st.stm32cube.ide.mcu.externaltools.gnu-tools-for-stm32.12.3.rel1.win32_1.0.200.202406191623/tools/bin/../lib/gcc/arm-none-eabi/12.3.1/thumb/v7-m/nofp/crtn.o
OUTPUT(RTOS task 8.elf elf32-littlearm)
LOAD linker stubs
LOAD E:/semester 5/embeded/STM32CubeIDE_1.16.0/STM32CubeIDE/plugins/com.st.stm32cube.ide.mcu.externaltools.gnu-tools-for-stm32.12.3.rel1.win32_1.0.200.202406191623/tools/bin/../lib/gcc/arm-none-eabi/12.3.1/../../../../arm-none-eabi/lib/thumb/v7-m/nofp\libc.a
LOAD E:/semester 5/embeded/STM32CubeIDE_1.16.0/STM32CubeIDE/plugins/com.st.stm32cube.ide.mcu.externaltools.gnu-tools-for-stm32.12.3.rel1.win32_1.0.200.202406191623/tools/bin/../lib/gcc/arm-none-eabi/12.3.1/../../../../arm-none-eabi/lib/thumb/v7-m/nofp\libm.a
LOAD E:/semester 5/embeded/STM32CubeIDE_1.16.0/STM32CubeIDE/plugins/com.st.stm32cube.ide.mcu.externaltools.gnu-tools-for-stm32.12.3.rel1.win32_1.0.200.202406191623/tools/bin/../lib/gcc/arm-none-eabi/12.3.1/thumb/v7-m/nofp\libgcc.a

.debug_info     0x00000000     0xe2f8
 .debug_info    0x00000000      0x279 ./Core/Src/freertos.o
 .debug_info    0x00000279     0x11cf ./Core/Src/main.o
 .debug_info    0x00001448      0x361 ./Core/Src/stm32f1xx_hal_msp.o
 .debug_info    0x000017a9      0x9a8 ./Core/Src/stm32f1xx_hal_timebase_tim.o
 .debug_info    0x00002151      0x66a ./Core/Src/stm32f1xx_it.o
 .debug_info    0x000027bb      0x222 ./Core/Src/system_stm32f1xx.o
 .debug_info    0x000029dd       0x30 ./Core/Startup/startup_stm32f103c8tx.o
 .debug_info    0x00002a0d      0x704 ./Drivers/STM32F1xx_HAL_Driver/Src/stm32f1xx_hal.o
 .debug_info    0x00003111      0xa87 ./Drivers/STM32F1xx_HAL_Driver/Src/stm32f1xx_hal_cortex.o
 .debug_info    0x00003b98      0x5ab ./Drivers/STM32F1xx_HAL_Driver/Src/stm32f1xx_hal_gpio.o
 .debug_info    0x00004143      0x7d5 ./Drivers/STM32F1xx_HAL_Driver/Src/stm32f1xx_hal_rcc.o
 .debug_info    0x00004918     0x2959 ./Drivers/STM32F1xx_HAL_Driver/Src/stm32f1xx_hal_tim.o
 .debug_info    0x00007271     0x149b ./Drivers/STM32F1xx_HAL_Driver/Src/stm32f1xx_hal_tim_ex.o
 .debug_info    0x0000870c     0x1b60 ./Middlewares/Third_Party/FreeRTOS/Source/CMSIS_RTOS/cmsis_os.o
 .debug_info    0x0000a26c      0x2af ./Middlewares/Third_Party/FreeRTOS/Source/list.o
 .debug_info    0x0000a51b     0x17cd ./Middlewares/Third_Party/FreeRTOS/Source/queue.o
 .debug_info    0x0000bce8     0x1ca7 ./Middlewares/Third_Party/FreeRTOS/Source/tasks.o
 .debug_info    0x0000d98f      0x494 ./Middlewares/Third_Party/FreeRTOS/Source/portable/GCC/ARM_CM3/port.o
 .debug_info    0x0000de23      0x4d5 ./Middlewares/Third_Party/FreeRTOS/Source/portable/MemMang/heap_4.o

.debug_abbrev   0x00000000     0x2883
 .debug_abbrev  0x00000000       0xd2 ./Core/Src/freertos.o
 .debug_abbrev  0x000000d2      0x335 ./Core/Src/main.o
 .debug_abbrev  0x00000407      0x11c ./Core/Src/stm32f1xx_hal_msp.o
 .debug_abbrev  0x00000523      0x1f3 ./Core/Src/stm32f1xx_hal_timebase_tim.o
 .debug_abbrev  0x00000716      0x17c ./Core/Src/stm32f1xx_it.o
 .debug_abbrev  0x00000892      0x13f ./Core/Src/system_stm32f1xx.o
 .debug_abbrev  0x000009d1       0x24 ./Core/Startup/startup_stm32f103c8tx.o
 .debug_abbrev  0x000009f5      0x201 ./Drivers/STM32F1xx_HAL_Driver/Src/stm32f1xx_hal.o
 .debug_abbrev  0x00000bf6      0x2f8 ./Drivers/STM32F1xx_HAL_Driver/Src/stm32f1xx_hal_cortex.o
 .debug_abbrev  0x00000eee      0x1ca ./Drivers/STM32F1xx_HAL_Driver/Src/stm32f1xx_hal_gpio.o
 .debug_abbrev  0x000010b8      0x2b3 ./Drivers/STM32F1xx_HAL_Driver/Src/stm32f1xx_hal_rcc.o
 .debug_abbrev  0x0000136b      0x277 ./Drivers/STM32F1xx_HAL_Driver/Src/stm32f1xx_hal_tim.o
 .debug_abbrev  0x000015e2      0x282 ./Drivers/STM32F1xx_HAL_Driver/Src/stm32f1xx_hal_tim_ex.o
 .debug_abbrev  0x00001864      0x3a7 ./Middlewares/Third_Party/FreeRTOS/Source/CMSIS_RTOS/cmsis_os.o
 .debug_abbrev  0x00001c0b       0xf5 ./Middlewares/Third_Party/FreeRTOS/Source/list.o
 .debug_abbrev  0x00001d00      0x3b5 ./Middlewares/Third_Party/FreeRTOS/Source/queue.o
 .debug_abbrev  0x000020b5      0x359 ./Middlewares/Third_Party/FreeRTOS/Source/tasks.o
 .debug_abbrev  0x0000240e      0x258 ./Middlewares/Third_Party/FreeRTOS/Source/portable/GCC/ARM_CM3/port.o
 .debug_abbrev  0x00002666      0x21d ./Middlewares/Third_Party/FreeRTOS/Source/portable/MemMang/heap_4.o

.debug_aranges  0x00000000      0xf28
 .debug_aranges
                0x00000000       0x20 ./Core/Src/freertos.o
 .debug_aranges
                0x00000020       0x70 ./Core/Src/main.o
 .debug_aranges
                0x00000090       0x20 ./Core/Src/stm32f1xx_hal_msp.o
 .debug_aranges
                0x000000b0       0x30 ./Core/Src/stm32f1xx_hal_timebase_tim.o
 .debug_aranges
                0x000000e0       0x50 ./Core/Src/stm32f1xx_it.o
 .debug_aranges
                0x00000130       0x28 ./Core/Src/system_stm32f1xx.o
 .debug_aranges
                0x00000158       0x28 ./Core/Startup/startup_stm32f103c8tx.o
 .debug_aranges
                0x00000180       0xe0 ./Drivers/STM32F1xx_HAL_Driver/Src/stm32f1xx_hal.o
 .debug_aranges
                0x00000260      0x100 ./Drivers/STM32F1xx_HAL_Driver/Src/stm32f1xx_hal_cortex.o
 .debug_aranges
                0x00000360       0x58 ./Drivers/STM32F1xx_HAL_Driver/Src/stm32f1xx_hal_gpio.o
 .debug_aranges
                0x000003b8       0x90 ./Drivers/STM32F1xx_HAL_Driver/Src/stm32f1xx_hal_rcc.o
 .debug_aranges
                0x00000448      0x3d0 ./Drivers/STM32F1xx_HAL_Driver/Src/stm32f1xx_hal_tim.o
 .debug_aranges
                0x00000818      0x168 ./Drivers/STM32F1xx_HAL_Driver/Src/stm32f1xx_hal_tim_ex.o
 .debug_aranges
                0x00000980      0x1d8 ./Middlewares/Third_Party/FreeRTOS/Source/CMSIS_RTOS/cmsis_os.o
 .debug_aranges
                0x00000b58       0x40 ./Middlewares/Third_Party/FreeRTOS/Source/list.o
 .debug_aranges
                0x00000b98      0x108 ./Middlewares/Third_Party/FreeRTOS/Source/queue.o
 .debug_aranges
                0x00000ca0      0x1b8 ./Middlewares/Third_Party/FreeRTOS/Source/tasks.o
 .debug_aranges
                0x00000e58       0x78 ./Middlewares/Third_Party/FreeRTOS/Source/portable/GCC/ARM_CM3/port.o
 .debug_aranges
                0x00000ed0       0x58 ./Middlewares/Third_Party/FreeRTOS/Source/portable/MemMang/heap_4.o

.debug_rnglists
                0x00000000      0xba2
 .debug_rnglists
                0x00000000       0x13 ./Core/Src/freertos.o
 .debug_rnglists
                0x00000013       0x50 ./Core/Src/main.o
 .debug_rnglists
                0x00000063       0x13 ./Core/Src/stm32f1xx_hal_msp.o
 .debug_rnglists
                0x00000076       0x20 ./Core/Src/stm32f1xx_hal_timebase_tim.o
 .debug_rnglists
                0x00000096       0x37 ./Core/Src/stm32f1xx_it.o
 .debug_rnglists
                0x000000cd       0x1a ./Core/Src/system_stm32f1xx.o
 .debug_rnglists
                0x000000e7       0x19 ./Core/Startup/startup_stm32f103c8tx.o
 .debug_rnglists
                0x00000100       0xa3 ./Drivers/STM32F1xx_HAL_Driver/Src/stm32f1xx_hal.o
 .debug_rnglists
                0x000001a3       0xbb ./Drivers/STM32F1xx_HAL_Driver/Src/stm32f1xx_hal_cortex.o
 .debug_rnglists
                0x0000025e       0x3f ./Drivers/STM32F1xx_HAL_Driver/Src/stm32f1xx_hal_gpio.o
 .debug_rnglists
                0x0000029d       0x6c ./Drivers/STM32F1xx_HAL_Driver/Src/stm32f1xx_hal_rcc.o
 .debug_rnglists
                0x00000309      0x31a ./Drivers/STM32F1xx_HAL_Driver/Src/stm32f1xx_hal_tim.o
 .debug_rnglists
                0x00000623      0x125 ./Drivers/STM32F1xx_HAL_Driver/Src/stm32f1xx_hal_tim_ex.o
 .debug_rnglists
                0x00000748      0x16a ./Middlewares/Third_Party/FreeRTOS/Source/CMSIS_RTOS/cmsis_os.o
 .debug_rnglists
                0x000008b2       0x2b ./Middlewares/Third_Party/FreeRTOS/Source/list.o
 .debug_rnglists
                0x000008dd       0xcd ./Middlewares/Third_Party/FreeRTOS/Source/queue.o
 .debug_rnglists
                0x000009aa      0x15f ./Middlewares/Third_Party/FreeRTOS/Source/tasks.o
 .debug_rnglists
                0x00000b09       0x57 ./Middlewares/Third_Party/FreeRTOS/Source/portable/GCC/ARM_CM3/port.o
 .debug_rnglists
                0x00000b60       0x42 ./Middlewares/Third_Party/FreeRTOS/Source/portable/MemMang/heap_4.o

.debug_macro    0x00000000    0x18ebb
 .debug_macro   0x00000000      0x210 ./Core/Src/freertos.o
 .debug_macro   0x00000210      0xaa8 ./Core/Src/freertos.o
 .debug_macro   0x00000cb8      0x189 ./Core/Src/freertos.o
 .debug_macro   0x00000e41       0x22 ./Core/Src/freertos.o
 .debug_macro   0x00000e63       0x8e ./Core/Src/freertos.o
 .debug_macro   0x00000ef1       0x51 ./Core/Src/freertos.o
 .debug_macro   0x00000f42      0x103 ./Core/Src/freertos.o
 .debug_macro   0x00001045       0x6a ./Core/Src/freertos.o
 .debug_macro   0x000010af      0x1df ./Core/Src/freertos.o
 .debug_macro   0x0000128e       0xd6 ./Core/Src/freertos.o
 .debug_macro   0x00001364      0x15a ./Core/Src/freertos.o
 .debug_macro   0x000014be       0xde ./Core/Src/freertos.o
 .debug_macro   0x0000159c       0x1c ./Core/Src/freertos.o
 .debug_macro   0x000015b8       0x26 ./Core/Src/freertos.o
 .debug_macro   0x000015de      0x519 ./Core/Src/freertos.o
 .debug_macro   0x00001af7       0xb5 ./Core/Src/freertos.o
 .debug_macro   0x00001bac       0xaa ./Core/Src/freertos.o
 .debug_macro   0x00001c56      0x215 ./Core/Src/freertos.o
 .debug_macro   0x00001e6b       0x2e ./Core/Src/freertos.o
 .debug_macro   0x00001e99       0x22 ./Core/Src/freertos.o
 .debug_macro   0x00001ebb       0x1c ./Core/Src/freertos.o
 .debug_macro   0x00001ed7       0x22 ./Core/Src/freertos.o
 .debug_macro   0x00001ef9       0xbd ./Core/Src/freertos.o
 .debug_macro   0x00001fb6      0xd23 ./Core/Src/freertos.o
 .debug_macro   0x00002cd9     0xe09e ./Core/Src/freertos.o
 .debug_macro   0x00010d77       0x6d ./Core/Src/freertos.o
 .debug_macro   0x00010de4     0x34a2 ./Core/Src/freertos.o
 .debug_macro   0x00014286       0x5c ./Core/Src/freertos.o
 .debug_macro   0x000142e2      0x5bc ./Core/Src/freertos.o
 .debug_macro   0x0001489e      0x289 ./Core/Src/freertos.o
 .debug_macro   0x00014b27      0x1cb ./Core/Src/freertos.o
 .debug_macro   0x00014cf2      0x114 ./Core/Src/freertos.o
 .debug_macro   0x00014e06      0x1b2 ./Core/Src/freertos.o
 .debug_macro   0x00014fb8       0x27 ./Core/Src/freertos.o
 .debug_macro   0x00014fdf      0x136 ./Core/Src/freertos.o
 .debug_macro   0x00015115      0x1bc ./Core/Src/freertos.o
 .debug_macro   0x000152d1       0x34 ./Core/Src/freertos.o
 .debug_macro   0x00015305       0x3c ./Core/Src/freertos.o
 .debug_macro   0x00015341       0x57 ./Core/Src/freertos.o
 .debug_macro   0x00015398       0x87 ./Core/Src/freertos.o
 .debug_macro   0x0001541f      0x240 ./Core/Src/freertos.o
 .debug_macro   0x0001565f      0x140 ./Core/Src/freertos.o
 .debug_macro   0x0001579f      0x8ed ./Core/Src/freertos.o
 .debug_macro   0x0001608c       0x83 ./Core/Src/freertos.o
 .debug_macro   0x0001610f       0x34 ./Core/Src/freertos.o
 .debug_macro   0x00016143      0x333 ./Core/Src/main.o
 .debug_macro   0x00016476       0xd6 ./Core/Src/main.o
 .debug_macro   0x0001654c       0x91 ./Core/Src/main.o
 .debug_macro   0x000165dd       0x8d ./Core/Src/main.o
 .debug_macro   0x0001666a       0x7e ./Core/Src/main.o
 .debug_macro   0x000166e8       0x19 ./Core/Src/main.o
 .debug_macro   0x00016701       0xf2 ./Core/Src/main.o
 .debug_macro   0x000167f3       0x61 ./Core/Src/main.o
 .debug_macro   0x00016854       0x24 ./Core/Src/main.o
 .debug_macro   0x00016878       0x43 ./Core/Src/main.o
 .debug_macro   0x000168bb       0x34 ./Core/Src/main.o
 .debug_macro   0x000168ef       0x16 ./Core/Src/main.o
 .debug_macro   0x00016905       0x35 ./Core/Src/main.o
 .debug_macro   0x0001693a      0x369 ./Core/Src/main.o
 .debug_macro   0x00016ca3       0x10 ./Core/Src/main.o
 .debug_macro   0x00016cb3       0x16 ./Core/Src/main.o
 .debug_macro   0x00016cc9       0x43 ./Core/Src/main.o
 .debug_macro   0x00016d0c       0x34 ./Core/Src/main.o
 .debug_macro   0x00016d40       0x10 ./Core/Src/main.o
 .debug_macro   0x00016d50       0x58 ./Core/Src/main.o
 .debug_macro   0x00016da8       0x8e ./Core/Src/main.o
 .debug_macro   0x00016e36       0x1c ./Core/Src/main.o
 .debug_macro   0x00016e52      0x177 ./Core/Src/main.o
 .debug_macro   0x00016fc9       0x16 ./Core/Src/main.o
 .debug_macro   0x00016fdf       0x16 ./Core/Src/main.o
 .debug_macro   0x00016ff5      0x146 ./Core/Src/main.o
 .debug_macro   0x0001713b      0x1a8 ./Core/Src/stm32f1xx_hal_msp.o
 .debug_macro   0x000172e3      0x199 ./Core/Src/stm32f1xx_hal_timebase_tim.o
 .debug_macro   0x0001747c      0x1b2 ./Core/Src/stm32f1xx_it.o
 .debug_macro   0x0001762e      0x199 ./Core/Src/system_stm32f1xx.o
 .debug_macro   0x000177c7      0x1bd ./Drivers/STM32F1xx_HAL_Driver/Src/stm32f1xx_hal.o
 .debug_macro   0x00017984      0x199 ./Drivers/STM32F1xx_HAL_Driver/Src/stm32f1xx_hal_cortex.o
 .debug_macro   0x00017b1d      0x204 ./Drivers/STM32F1xx_HAL_Driver/Src/stm32f1xx_hal_gpio.o
 .debug_macro   0x00017d21      0x1ab ./Drivers/STM32F1xx_HAL_Driver/Src/stm32f1xx_hal_rcc.o
 .debug_macro   0x00017ecc      0x19a ./Drivers/STM32F1xx_HAL_Driver/Src/stm32f1xx_hal_tim.o
 .debug_macro   0x00018066      0x199 ./Drivers/STM32F1xx_HAL_Driver/Src/stm32f1xx_hal_tim_ex.o
 .debug_macro   0x000181ff      0x1fe ./Middlewares/Third_Party/FreeRTOS/Source/CMSIS_RTOS/cmsis_os.o
 .debug_macro   0x000183fd       0x10 ./Middlewares/Third_Party/FreeRTOS/Source/CMSIS_RTOS/cmsis_os.o
 .debug_macro   0x0001840d       0x20 ./Middlewares/Third_Party/FreeRTOS/Source/CMSIS_RTOS/cmsis_os.o
 .debug_macro   0x0001842d       0xab ./Middlewares/Third_Party/FreeRTOS/Source/CMSIS_RTOS/cmsis_os.o
 .debug_macro   0x000184d8      0x187 ./Middlewares/Third_Party/FreeRTOS/Source/list.o
 .debug_macro   0x0001865f      0x216 ./Middlewares/Third_Party/FreeRTOS/Source/queue.o
 .debug_macro   0x00018875       0x16 ./Middlewares/Third_Party/FreeRTOS/Source/queue.o
 .debug_macro   0x0001888b       0x87 ./Middlewares/Third_Party/FreeRTOS/Source/queue.o
 .debug_macro   0x00018912      0x279 ./Middlewares/Third_Party/FreeRTOS/Source/tasks.o
 .debug_macro   0x00018b8b       0x10 ./Middlewares/Third_Party/FreeRTOS/Source/tasks.o
 .debug_macro   0x00018b9b      0x172 ./Middlewares/Third_Party/FreeRTOS/Source/portable/GCC/ARM_CM3/port.o
 .debug_macro   0x00018d0d      0x1ae ./Middlewares/Third_Party/FreeRTOS/Source/portable/MemMang/heap_4.o

.debug_line     0x00000000    0x11734
 .debug_line    0x00000000      0x885 ./Core/Src/freertos.o
 .debug_line    0x00000885      0xd59 ./Core/Src/main.o
 .debug_line    0x000015de      0x78a ./Core/Src/stm32f1xx_hal_msp.o
 .debug_line    0x00001d68      0x804 ./Core/Src/stm32f1xx_hal_timebase_tim.o
 .debug_line    0x0000256c      0x824 ./Core/Src/stm32f1xx_it.o
 .debug_line    0x00002d90      0x806 ./Core/Src/system_stm32f1xx.o
 .debug_line    0x00003596       0x78 ./Core/Startup/startup_stm32f103c8tx.o
 .debug_line    0x0000360e      0xa33 ./Drivers/STM32F1xx_HAL_Driver/Src/stm32f1xx_hal.o
 .debug_line    0x00004041      0xc1f ./Drivers/STM32F1xx_HAL_Driver/Src/stm32f1xx_hal_cortex.o
 .debug_line    0x00004c60      0xacc ./Drivers/STM32F1xx_HAL_Driver/Src/stm32f1xx_hal_gpio.o
 .debug_line    0x0000572c      0xe3c ./Drivers/STM32F1xx_HAL_Driver/Src/stm32f1xx_hal_rcc.o
 .debug_line    0x00006568     0x3558 ./Drivers/STM32F1xx_HAL_Driver/Src/stm32f1xx_hal_tim.o
 .debug_line    0x00009ac0     0x1982 ./Drivers/STM32F1xx_HAL_Driver/Src/stm32f1xx_hal_tim_ex.o
 .debug_line    0x0000b442     0x13ff ./Middlewares/Third_Party/FreeRTOS/Source/CMSIS_RTOS/cmsis_os.o
 .debug_line    0x0000c841      0x92f ./Middlewares/Third_Party/FreeRTOS/Source/list.o
 .debug_line    0x0000d170     0x16b0 ./Middlewares/Third_Party/FreeRTOS/Source/queue.o
 .debug_line    0x0000e820     0x1b46 ./Middlewares/Third_Party/FreeRTOS/Source/tasks.o
 .debug_line    0x00010366      0x875 ./Middlewares/Third_Party/FreeRTOS/Source/portable/GCC/ARM_CM3/port.o
 .debug_line    0x00010bdb      0xb59 ./Middlewares/Third_Party/FreeRTOS/Source/portable/MemMang/heap_4.o

.debug_str      0x00000000    0x90b52
 .debug_str     0x00000000    0x8566c ./Core/Src/freertos.o
                              0x859d8 (size before relaxing)
 .debug_str     0x0008566c     0x649a ./Core/Src/main.o
                              0x8becb (size before relaxing)
 .debug_str     0x0008bb06      0x2dd ./Core/Src/stm32f1xx_hal_msp.o
                              0x81e28 (size before relaxing)
 .debug_str     0x0008bde3      0x11a ./Core/Src/stm32f1xx_hal_timebase_tim.o
                              0x82383 (size before relaxing)
 .debug_str     0x0008befd       0xb5 ./Core/Src/stm32f1xx_it.o
                              0x82003 (size before relaxing)
 .debug_str     0x0008bfb2       0x7e ./Core/Src/system_stm32f1xx.o
                              0x81abb (size before relaxing)
 .debug_str     0x0008c030       0x44 ./Core/Startup/startup_stm32f103c8tx.o
                                 0x6c (size before relaxing)
 .debug_str     0x0008c074      0x340 ./Drivers/STM32F1xx_HAL_Driver/Src/stm32f1xx_hal.o
                              0x821ee (size before relaxing)
 .debug_str     0x0008c3b4      0x295 ./Drivers/STM32F1xx_HAL_Driver/Src/stm32f1xx_hal_cortex.o
                              0x8213a (size before relaxing)
 .debug_str     0x0008c649      0x2e3 ./Drivers/STM32F1xx_HAL_Driver/Src/stm32f1xx_hal_gpio.o
                              0x81e41 (size before relaxing)
 .debug_str     0x0008c92c      0x1f3 ./Drivers/STM32F1xx_HAL_Driver/Src/stm32f1xx_hal_rcc.o
                              0x81eea (size before relaxing)
 .debug_str     0x0008cb1f      0xe79 ./Drivers/STM32F1xx_HAL_Driver/Src/stm32f1xx_hal_tim.o
                              0x82eec (size before relaxing)
 .debug_str     0x0008d998      0x503 ./Drivers/STM32F1xx_HAL_Driver/Src/stm32f1xx_hal_tim_ex.o
                              0x826f8 (size before relaxing)
 .debug_str     0x0008de9b      0x9dd ./Middlewares/Third_Party/FreeRTOS/Source/CMSIS_RTOS/cmsis_os.o
                               0xe592 (size before relaxing)
 .debug_str     0x0008e878      0x20f ./Middlewares/Third_Party/FreeRTOS/Source/list.o
                               0xaa92 (size before relaxing)
 .debug_str     0x0008ea87      0x7ed ./Middlewares/Third_Party/FreeRTOS/Source/queue.o
                               0xc425 (size before relaxing)
 .debug_str     0x0008f274      0xf43 ./Middlewares/Third_Party/FreeRTOS/Source/tasks.o
                               0xcdfd (size before relaxing)
 .debug_str     0x000901b7      0x66e ./Middlewares/Third_Party/FreeRTOS/Source/portable/GCC/ARM_CM3/port.o
                               0x85d7 (size before relaxing)
 .debug_str     0x00090825      0x32d ./Middlewares/Third_Party/FreeRTOS/Source/portable/MemMang/heap_4.o
                               0xb3d4 (size before relaxing)

.comment        0x00000000       0x43
 .comment       0x00000000       0x43 ./Core/Src/freertos.o
                                 0x44 (size before relaxing)
 .comment       0x00000043       0x44 ./Core/Src/main.o
 .comment       0x00000043       0x44 ./Core/Src/stm32f1xx_hal_msp.o
 .comment       0x00000043       0x44 ./Core/Src/stm32f1xx_hal_timebase_tim.o
 .comment       0x00000043       0x44 ./Core/Src/stm32f1xx_it.o
 .comment       0x00000043       0x44 ./Core/Src/system_stm32f1xx.o
 .comment       0x00000043       0x44 ./Drivers/STM32F1xx_HAL_Driver/Src/stm32f1xx_hal.o
 .comment       0x00000043       0x44 ./Drivers/STM32F1xx_HAL_Driver/Src/stm32f1xx_hal_cortex.o
 .comment       0x00000043       0x44 ./Drivers/STM32F1xx_HAL_Driver/Src/stm32f1xx_hal_gpio.o
 .comment       0x00000043       0x44 ./Drivers/STM32F1xx_HAL_Driver/Src/stm32f1xx_hal_rcc.o
 .comment       0x00000043       0x44 ./Drivers/STM32F1xx_HAL_Driver/Src/stm32f1xx_hal_tim.o
 .comment       0x00000043       0x44 ./Drivers/STM32F1xx_HAL_Driver/Src/stm32f1xx_hal_tim_ex.o
 .comment       0x00000043       0x44 ./Middlewares/Third_Party/FreeRTOS/Source/CMSIS_RTOS/cmsis_os.o
 .comment       0x00000043       0x44 ./Middlewares/Third_Party/FreeRTOS/Source/list.o
 .comment       0x00000043       0x44 ./Middlewares/Third_Party/FreeRTOS/Source/queue.o
 .comment       0x00000043       0x44 ./Middlewares/Third_Party/FreeRTOS/Source/tasks.o
 .comment       0x00000043       0x44 ./Middlewares/Third_Party/FreeRTOS/Source/portable/GCC/ARM_CM3/port.o
 .comment       0x00000043       0x44 ./Middlewares/Third_Party/FreeRTOS/Source/portable/MemMang/heap_4.o

.debug_frame    0x00000000     0x3e2c
 .debug_frame   0x00000000       0x38 ./Core/Src/freertos.o
 .debug_frame   0x00000038      0x17c ./Core/Src/main.o
 .debug_frame   0x000001b4       0x34 ./Core/Src/stm32f1xx_hal_msp.o
 .debug_frame   0x000001e8       0x74 ./Core/Src/stm32f1xx_hal_timebase_tim.o
 .debug_frame   0x0000025c       0xc4 ./Core/Src/stm32f1xx_it.o
 .debug_frame   0x00000320       0x58 ./Core/Src/system_stm32f1xx.o
 .debug_frame   0x00000378      0x334 ./Drivers/STM32F1xx_HAL_Driver/Src/stm32f1xx_hal.o
 .debug_frame   0x000006ac      0x428 ./Drivers/STM32F1xx_HAL_Driver/Src/stm32f1xx_hal_cortex.o
 .debug_frame   0x00000ad4      0x14c ./Drivers/STM32F1xx_HAL_Driver/Src/stm32f1xx_hal_gpio.o
 .debug_frame   0x00000c20      0x218 ./Drivers/STM32F1xx_HAL_Driver/Src/stm32f1xx_hal_rcc.o
 .debug_frame   0x00000e38     0x11b8 ./Drivers/STM32F1xx_HAL_Driver/Src/stm32f1xx_hal_tim.o
 .debug_frame   0x00001ff0      0x638 ./Drivers/STM32F1xx_HAL_Driver/Src/stm32f1xx_hal_tim_ex.o
 .debug_frame   0x00002628      0x80c ./Middlewares/Third_Party/FreeRTOS/Source/CMSIS_RTOS/cmsis_os.o
 .debug_frame   0x00002e34       0xd8 ./Middlewares/Third_Party/FreeRTOS/Source/list.o
 .debug_frame   0x00002f0c      0x46c ./Middlewares/Third_Party/FreeRTOS/Source/queue.o
 .debug_frame   0x00003378      0x77c ./Middlewares/Third_Party/FreeRTOS/Source/tasks.o
 .debug_frame   0x00003af4      0x198 ./Middlewares/Third_Party/FreeRTOS/Source/portable/GCC/ARM_CM3/port.o
 .debug_frame   0x00003c8c      0x12c ./Middlewares/Third_Party/FreeRTOS/Source/portable/MemMang/heap_4.o
 .debug_frame   0x00003db8       0x20 E:/semester 5/embeded/STM32CubeIDE_1.16.0/STM32CubeIDE/plugins/com.st.stm32cube.ide.mcu.externaltools.gnu-tools-for-stm32.12.3.rel1.win32_1.0.200.202406191623/tools/bin/../lib/gcc/arm-none-eabi/12.3.1/../../../../arm-none-eabi/lib/thumb/v7-m/nofp\libc_nano.a(libc_a-memset.o)
 .debug_frame   0x00003dd8       0x2c E:/semester 5/embeded/STM32CubeIDE_1.16.0/STM32CubeIDE/plugins/com.st.stm32cube.ide.mcu.externaltools.gnu-tools-for-stm32.12.3.rel1.win32_1.0.200.202406191623/tools/bin/../lib/gcc/arm-none-eabi/12.3.1/../../../../arm-none-eabi/lib/thumb/v7-m/nofp\libc_nano.a(libc_a-init.o)
 .debug_frame   0x00003e04       0x28 E:/semester 5/embeded/STM32CubeIDE_1.16.0/STM32CubeIDE/plugins/com.st.stm32cube.ide.mcu.externaltools.gnu-tools-for-stm32.12.3.rel1.win32_1.0.200.202406191623/tools/bin/../lib/gcc/arm-none-eabi/12.3.1/../../../../arm-none-eabi/lib/thumb/v7-m/nofp\libc_nano.a(libc_a-memcpy-stub.o)

.debug_line_str
                0x00000000       0x50
 .debug_line_str
                0x00000000       0x50 ./Core/Startup/startup_stm32f103c8tx.o
