../Core/Src/main.c:75:5:main	136	static
../Core/Src/main.c:167:6:SystemClock_Config	72	static
../Core/Src/main.c:204:13:MX_GPIO_Init	32	static
../Core/Src/main.c:238:6:StartDefaultTask	16	static
../Core/Src/main.c:257:6:green_led	16	static
../Core/Src/main.c:283:6:red_led	16	static
../Core/Src/main.c:304:6:accessSharedData	8	static
../Core/Src/main.c:324:6:SimulateReadWriteOperation	16	static,ignoring_inline_asm
../Core/Src/main.c:340:6:yellow_led	16	static
../Core/Src/main.c:360:6:HAL_TIM_PeriodElapsedCallback	16	static
../Core/Src/main.c:377:6:Error_Handler	4	static,ignoring_inline_asm
