../Core/Src/main.c:71:5:__io_putchar	16	static
../Core/Src/main.c:81:5:main	136	static
../Core/Src/main.c:174:6:SystemClock_Config	72	static
../Core/Src/main.c:211:13:MX_USART1_UART_Init	8	static
../Core/Src/main.c:244:13:MX_GPIO_Init	32	static
../Core/Src/main.c:278:6:StartDefaultTask	16	static
../Core/Src/main.c:297:6:green_led	16	static
../Core/Src/main.c:324:6:red_led	16	static
../Core/Src/main.c:351:6:yellow_led	16	static
../Core/Src/main.c:363:6:accessSharedData	8	static
../Core/Src/main.c:391:6:Error_Handler	4	static,ignoring_inline_asm
